******************************************************************************
                  MSP430 Linker PC v16.9.0                     
******************************************************************************
>> Linked Sat Mar 18 11:48:04 2017

OUTPUT FILE NAME:   <Shaker.out>
ENTRY POINT SYMBOL: "_c_int00_noargs_noexit"  address: 000086a4


MEMORY CONFIGURATION

         name            origin    length      used     unused   attr    fill
----------------------  --------  ---------  --------  --------  ----  --------
  SFR                   00000000   00000010  00000000  00000010  RWIX
  PERIPHERALS_8BIT      00000010   000000f0  00000000  000000f0  RWIX
  PERIPHERALS_16BIT     00000100   00000100  00000000  00000100  RWIX
  RAM                   00000200   00000400  000000bc  00000344  RWIX
  INFOD                 00001000   00000040  00000000  00000040  RWIX
  INFOC                 00001040   00000040  00000000  00000040  RWIX
  INFOB                 00001080   00000040  00000000  00000040  RWIX
  INFOA                 000010c0   00000040  00000000  00000040  RWIX
  FLASH                 00008000   00007fde  000007d6  00007808  RWIX
  BSLSIGNATURE          0000ffde   00000002  00000002  00000000  RWIX  ffff 
  INT00                 0000ffe0   00000002  00000000  00000002  RWIX
  INT01                 0000ffe2   00000002  00000000  00000002  RWIX
  INT02                 0000ffe4   00000002  00000002  00000000  RWIX
  INT03                 0000ffe6   00000002  00000002  00000000  RWIX
  INT04                 0000ffe8   00000002  00000000  00000002  RWIX
  INT05                 0000ffea   00000002  00000002  00000000  RWIX
  INT06                 0000ffec   00000002  00000002  00000000  RWIX
  INT07                 0000ffee   00000002  00000002  00000000  RWIX
  INT08                 0000fff0   00000002  00000002  00000000  RWIX
  INT09                 0000fff2   00000002  00000002  00000000  RWIX
  INT10                 0000fff4   00000002  00000002  00000000  RWIX
  INT11                 0000fff6   00000002  00000000  00000002  RWIX
  INT12                 0000fff8   00000002  00000002  00000000  RWIX
  INT13                 0000fffa   00000002  00000002  00000000  RWIX
  INT14                 0000fffc   00000002  00000002  00000000  RWIX
  RESET                 0000fffe   00000002  00000002  00000000  RWIX


SECTION ALLOCATION MAP

 output                                  attributes/
section   page    origin      length       input sections
--------  ----  ----------  ----------   ----------------
.data      0    00000200    00000042     UNINITIALIZED
                  00000200    0000000c     motor.obj (.data:motor)
                  0000020c    0000000a     main.obj (.data:charge_timer)
                  00000216    0000000a     temp_sensor.obj (.data:temperature)
                  00000220    00000008     voltage_monitor.obj (.data:battery_voltage)
                  00000228    00000008     voltage_monitor.obj (.data:charger_voltage)
                  00000230    00000008     moisture_sensor.obj (.data:moisture)
                  00000238    00000005     system_time.obj (.data)
                  0000023d    00000001     main.obj (.data:system_status)
                  0000023e    00000002     adc.obj (.data)
                  00000240    00000002     interrupt.obj (.data)

.bss       0    00000242    0000002a     UNINITIALIZED
                  00000242    00000014     (.common:spi_input_buffer)
                  00000256    00000014     (.common:spi_output_buffer)
                  0000026a    00000002     (.common:temp)

.stack     0    000005b0    00000050     UNINITIALIZED
                  000005b0    00000002     rts430_eabi.lib : boot.obj (.stack)
                  000005b2    0000004e     --HOLE--

.text      0    00008000    0000079a     
                  00008000    00000082     main.obj (.text:system_Setup)
                  00008082    0000007c     rts430_eabi.lib : copy_decompress_lzss.obj (.text:decompress:lzss:__TI_decompress_lzss)
                  000080fe    00000078     main.obj (.text:main_Charging)
                  00008176    0000006e     rts430_eabi.lib : autoinit.obj (.text:_auto_init)
                  000081e4    0000005a                     : cpy_tbl.obj (.text:copy_in)
                  0000823e    0000004c                     : lsr16.obj (.text)
                  0000828a    00000044     SPI.obj (.text:configure_SPI)
                  000082ce    00000042     SPI.obj (.text:SPI_Word)
                  00008310    00000040     temp_sensor.obj (.text:check_Temperature)
                  00008350    0000003c     voltage_monitor.obj (.text:check_Charger_Voltage)
                  0000838c    0000003a     moisture_sensor.obj (.text:check_Moisture)
                  000083c6    00000038     voltage_monitor.obj (.text:check_Battery_Voltage)
                  000083fe    00000038     system_time.obj (.text:is_Timer_Expired)
                  00008436    00000038     main.obj (.text:main)
                  0000846e    00000036     moisture_sensor.obj (.text:get_Moisture_Value)
                  000084a4    00000036     temp_sensor.obj (.text:get_Temperature_Value)
                  000084da    00000036     voltage_monitor.obj (.text:get_Voltage_Value)
                  00008510    00000032     temp_sensor.obj (.text:set_Temperature_Threshold)
                  00008542    0000002c     rts430_eabi.lib : lsl16.obj (.text)
                  0000856e    0000002c     system_time.obj (.text:start_Timer)
                  0000859a    00000028     motor.obj (.text:run_Motor_Timed)
                  000085c2    00000026     interrupt.obj (.text:SPI_TX_Interrupt)
                  000085e8    00000024     adc.obj (.text:ADC_Select_And_Enable_Channel)
                  0000860c    00000022     interrupt.obj (.text:SPI_RX_Interrupt)
                  0000862e    00000020     system_time.obj (.text:configure_Main_Clock)
                  0000864e    0000001e     system_time.obj (.text:Timer0_A0_Interrupt)
                  0000866c    0000001e     motor.obj (.text:check_Motor_State)
                  0000868a    0000001a     adc.obj (.text:ADC_Interrupt)
                  000086a4    0000001a     rts430_eabi.lib : boot_special.obj (.text:_c_int00_noargs_noexit)
                  000086be    00000018     adc.obj (.text:ADC_Start)
                  000086d6    00000016     main.obj (.text:P1_Interrupt)
                  000086ec    00000014     adc.obj (.text:ADC_Enable)
                  00008700    00000014     rts430_eabi.lib : copy_zero_init.obj (.text:decompress:ZI:__TI_zero_init)
                  00008714    00000014                     : mult16.obj (.text)
                  00008728    00000012                     : copy_decompress_none.obj (.text:decompress:none:__TI_decompress_none)
                  0000873a    00000012                     : memcpy.obj (.text:memcpy)
                  0000874c    00000010     adc.obj (.text:configure_ADC)
                  0000875c    00000010     rts430_eabi.lib : epilog.obj (.text)
                  0000876c    0000000a     temp_sensor.obj (.text:calibrate_Temperature)
                  00008776    0000000a     system_time.obj (.text:set_Timer_Interval)
                  00008780    00000008     rts430_eabi.lib : isr_trap.obj (.text:_isr:__TI_ISR_TRAP)
                  00008788    00000006                     : exit.obj (.text:abort)
                  0000878e    00000006     voltage_monitor.obj (.text:get_Battery_Voltage)
                  00008794    00000004     rts430_eabi.lib : pre_init.obj (.text:_system_pre_init)
                  00008798    00000002                     : startup.obj (.text:_system_post_cinit)

.cinit     0    0000879a    0000003c     
                  0000879a    0000002a     (.cinit..data.load) [load image, compression = lzss]
                  000087c4    00000006     (__TI_handler_table)
                  000087ca    00000004     (.cinit..bss.load) [load image, compression = zero_init]
                  000087ce    00000008     (__TI_cinit_table)

.binit     0    00008000    00000000     

.init_array 
*          0    00008000    00000000     UNINITIALIZED

$fill000   0    0000ffde    00000002     
                  0000ffde    00000002     --HOLE-- [fill = ffff]

PORT1      0    0000ffe4    00000002     
                  0000ffe4    00000002     main.obj (.int02)

PORT2      0    0000ffe6    00000002     
                  0000ffe6    00000002     rts430_eabi.lib : int03.obj (.int03)

ADC10      0    0000ffea    00000002     
                  0000ffea    00000002     adc.obj (.int05)

USCIAB0TX 
*          0    0000ffec    00000002     
                  0000ffec    00000002     interrupt.obj (.int06)

USCIAB0RX 
*          0    0000ffee    00000002     
                  0000ffee    00000002     interrupt.obj (.int07)

TIMERA1    0    0000fff0    00000002     
                  0000fff0    00000002     rts430_eabi.lib : int08.obj (.int08)

TIMERA0    0    0000fff2    00000002     
                  0000fff2    00000002     system_time.obj (.int09)

WDT        0    0000fff4    00000002     
                  0000fff4    00000002     rts430_eabi.lib : int10.obj (.int10)

TIMERB1    0    0000fff8    00000002     
                  0000fff8    00000002     rts430_eabi.lib : int12.obj (.int12)

TIMERB0    0    0000fffa    00000002     
                  0000fffa    00000002     rts430_eabi.lib : int13.obj (.int13)

NMI        0    0000fffc    00000002     
                  0000fffc    00000002     rts430_eabi.lib : int14.obj (.int14)

.reset     0    0000fffe    00000002     
                  0000fffe    00000002     rts430_eabi.lib : boot.obj (.reset)

MODULE SUMMARY

       Module                     code   ro data   rw data
       ------                     ----   -------   -------
    .\
       main.obj                   328    2         13     
       voltage_monitor.obj        176    0         16     
       temp_sensor.obj            178    0         10     
       system_time.obj            172    2         5      
       SPI.obj                    134    0         0      
       adc.obj                    122    2         2      
       moisture_sensor.obj        112    0         8      
       interrupt.obj              72     4         42     
       motor.obj                  70     0         12     
    +--+--------------------------+------+---------+---------+
       Total:                     1364   10        108    
                                                          
    C:\ti\ccsv7\tools\compiler\ti-cgt-msp430_16.9.0.LTS\lib\rts430_eabi.lib
       copy_decompress_lzss.obj   124    0         0      
       autoinit.obj               110    0         0      
       cpy_tbl.obj                90     0         0      
       lsr16.obj                  76     0         0      
       lsl16.obj                  44     0         0      
       boot_special.obj           26     0         0      
       copy_zero_init.obj         20     0         0      
       mult16.obj                 20     0         0      
       copy_decompress_none.obj   18     0         0      
       memcpy.obj                 18     0         0      
       epilog.obj                 16     0         0      
       isr_trap.obj               8      0         0      
       exit.obj                   6      0         0      
       pre_init.obj               4      0         0      
       boot.obj                   0      2         0      
       int03.obj                  0      2         0      
       int08.obj                  0      2         0      
       int10.obj                  0      2         0      
       int12.obj                  0      2         0      
       int13.obj                  0      2         0      
       int14.obj                  0      2         0      
       startup.obj                2      0         0      
    +--+--------------------------+------+---------+---------+
       Total:                     582    14        0      
                                                          
       Stack:                     0      0         80     
       Linker Generated:          0      60        0      
    +--+--------------------------+------+---------+---------+
       Grand Total:               1946   84        188    


LINKER GENERATED COPY TABLES

__TI_cinit_table @ 000087ce records: 2, size/record: 4, table size: 8
	.data: load addr=0000879a, load size=0000002a bytes, run addr=00000200, run size=00000042 bytes, compression=lzss
	.bss: load addr=000087ca, load size=00000004 bytes, run addr=00000242, run size=0000002a bytes, compression=zero_init


LINKER GENERATED HANDLER TABLE

__TI_handler_table @ 000087c4 records: 3, size/record: 2, table size: 6
	index: 0, handler: __TI_zero_init
	index: 1, handler: __TI_decompress_lzss
	index: 2, handler: __TI_decompress_none


GLOBAL SYMBOLS: SORTED ALPHABETICALLY BY Name 

address   name                         
-------   ----                         
0000004a  ADC10AE0                     
0000004b  ADC10AE1                     
000001b0  ADC10CTL0                    
000001b2  ADC10CTL1                    
00000048  ADC10DTC0                    
00000049  ADC10DTC1                    
000001b4  ADC10MEM                     
000001bc  ADC10SA                      
000086ec  ADC_Enable                   
0000868a  ADC_Interrupt                
000085e8  ADC_Select_And_Enable_Channel
000086be  ADC_Start                    
00000057  BCSCTL1                      
00000058  BCSCTL2                      
00000053  BCSCTL3                      
00008788  C$$EXIT                      
000010fb  CALBC1_12MHZ                 
000010f9  CALBC1_16MHZ                 
000010ff  CALBC1_1MHZ                  
000010fd  CALBC1_8MHZ                  
000010fa  CALDCO_12MHZ                 
000010f8  CALDCO_16MHZ                 
000010fe  CALDCO_1MHZ                  
000010fc  CALDCO_8MHZ                  
00000056  DCOCTL                       
00000128  FCTL1                        
0000012a  FCTL2                        
0000012c  FCTL3                        
00000000  IE1                          
00000001  IE2                          
00000002  IFG1                         
00000003  IFG2                         
00000022  P1DIR                        
00000025  P1IE                         
00000024  P1IES                        
00000023  P1IFG                        
00000020  P1IN                         
00000021  P1OUT                        
00000027  P1REN                        
00000026  P1SEL                        
000086d6  P1_Interrupt                 
0000002a  P2DIR                        
0000002d  P2IE                         
0000002c  P2IES                        
0000002b  P2IFG                        
00000028  P2IN                         
00000029  P2OUT                        
0000002f  P2REN                        
0000002e  P2SEL                        
0000001a  P3DIR                        
00000018  P3IN                         
00000019  P3OUT                        
00000010  P3REN                        
0000001b  P3SEL                        
0000001e  P4DIR                        
0000001c  P4IN                         
0000001d  P4OUT                        
00000011  P4REN                        
0000001f  P4SEL                        
0000860c  SPI_RX_Interrupt             
000085c2  SPI_TX_Interrupt             
000082ce  SPI_Word                     
00000172  TACCR0                       
00000174  TACCR1                       
00000176  TACCR2                       
00000162  TACCTL0                      
00000164  TACCTL1                      
00000166  TACCTL2                      
00000160  TACTL                        
0000012e  TAIV                         
00000170  TAR                          
00000192  TBCCR0                       
00000194  TBCCR1                       
00000196  TBCCR2                       
00000182  TBCCTL0                      
00000184  TBCCTL1                      
00000186  TBCCTL2                      
00000180  TBCTL                        
0000011e  TBIV                         
00000190  TBR                          
0000864e  Timer0_A0_Interrupt          
0000005d  UCA0ABCTL                    
00000062  UCA0BR0                      
00000063  UCA0BR1                      
00000060  UCA0CTL0                     
00000061  UCA0CTL1                     
0000005f  UCA0IRRCTL                   
0000005e  UCA0IRTCTL                   
00000064  UCA0MCTL                     
00000066  UCA0RXBUF                    
00000065  UCA0STAT                     
00000067  UCA0TXBUF                    
0000006a  UCB0BR0                      
0000006b  UCB0BR1                      
00000068  UCB0CTL0                     
00000069  UCB0CTL1                     
0000006c  UCB0I2CIE                    
00000118  UCB0I2COA                    
0000011a  UCB0I2CSA                    
0000006e  UCB0RXBUF                    
0000006d  UCB0STAT                     
0000006f  UCB0TXBUF                    
00000120  WDTCTL                       
00000600  __STACK_END                  
00000050  __STACK_SIZE                 
UNDEFED   __TI_BINIT_Base              
UNDEFED   __TI_BINIT_Limit             
000087ce  __TI_CINIT_Base              
000087d6  __TI_CINIT_Limit             
000087c4  __TI_Handler_Table_Base      
000087ca  __TI_Handler_Table_Limit     
UNDEFED   __TI_INITARRAY_Base          
UNDEFED   __TI_INITARRAY_Limit         
00008780  __TI_ISR_TRAP                
00008082  __TI_decompress_lzss         
00008728  __TI_decompress_none         
0000ffe4  __TI_int02                   
0000ffe6  __TI_int03                   
0000ffea  __TI_int05                   
0000ffec  __TI_int06                   
0000ffee  __TI_int07                   
0000fff0  __TI_int08                   
0000fff2  __TI_int09                   
0000fff4  __TI_int10                   
0000fff8  __TI_int12                   
0000fffa  __TI_int13                   
0000fffc  __TI_int14                   
ffffffff  __TI_pprof_out_hndl          
ffffffff  __TI_prof_data_size          
ffffffff  __TI_prof_data_start         
00008700  __TI_zero_init               
ffffffff  __c_args__                   
00008768  __mspabi_func_epilog_1       
00008766  __mspabi_func_epilog_2       
00008764  __mspabi_func_epilog_3       
00008762  __mspabi_func_epilog_4       
00008760  __mspabi_func_epilog_5       
0000875e  __mspabi_func_epilog_6       
0000875c  __mspabi_func_epilog_7       
00008714  __mspabi_mpyi                
00008714  __mspabi_mpyi_sw             
00008542  __mspabi_slli                
0000856a  __mspabi_slli_1              
00008558  __mspabi_slli_10             
00008556  __mspabi_slli_11             
00008554  __mspabi_slli_12             
00008552  __mspabi_slli_13             
00008550  __mspabi_slli_14             
0000854e  __mspabi_slli_15             
00008568  __mspabi_slli_2              
00008566  __mspabi_slli_3              
00008564  __mspabi_slli_4              
00008562  __mspabi_slli_5              
00008560  __mspabi_slli_6              
0000855e  __mspabi_slli_7              
0000855c  __mspabi_slli_8              
0000855a  __mspabi_slli_9              
0000823e  __mspabi_srli                
00008284  __mspabi_srli_1              
00008260  __mspabi_srli_10             
0000825c  __mspabi_srli_11             
00008258  __mspabi_srli_12             
00008254  __mspabi_srli_13             
00008250  __mspabi_srli_14             
0000824c  __mspabi_srli_15             
00008280  __mspabi_srli_2              
0000827c  __mspabi_srli_3              
00008278  __mspabi_srli_4              
00008274  __mspabi_srli_5              
00008270  __mspabi_srli_6              
0000826c  __mspabi_srli_7              
00008268  __mspabi_srli_8              
00008264  __mspabi_srli_9              
00008176  _auto_init                   
000086a4  _c_int00_noargs_noexit       
0000fffe  _reset_vector                
000005b0  _stack                       
00008798  _system_post_cinit           
00008794  _system_pre_init             
00008788  abort                        
0000023e  adc_data_pointer             
00000220  battery_voltage              
0000876c  calibrate_Temperature        
0000020c  charge_timer                 
00000228  charger_voltage              
000083c6  check_Battery_Voltage        
00008350  check_Charger_Voltage        
0000838c  check_Moisture               
0000866c  check_Motor_State            
00008310  check_Temperature            
0000874c  configure_ADC                
0000862e  configure_Main_Clock         
0000828a  configure_SPI                
000081e4  copy_in                      
0000878e  get_Battery_Voltage          
0000846e  get_Moisture_Value           
000084a4  get_Temperature_Value        
000084da  get_Voltage_Value            
000083fe  is_Timer_Expired             
00008436  main                         
000080fe  main_Charging                
0000873a  memcpy                       
00000230  moisture                     
00000200  motor                        
0000859a  run_Motor_Timed              
00008510  set_Temperature_Threshold    
00008776  set_Timer_Interval           
00000242  spi_input_buffer             
00000240  spi_input_buffer_index       
00000256  spi_output_buffer            
00000241  spi_output_buffer_index      
0000856e  start_Timer                  
00008000  system_Setup                 
0000023d  system_status                
00000238  system_time                  
0000026a  temp                         
00000216  temperature                  
0000023c  tick_tock                    


GLOBAL SYMBOLS: SORTED BY Symbol Address 

address   name                         
-------   ----                         
00000000  IE1                          
00000001  IE2                          
00000002  IFG1                         
00000003  IFG2                         
00000010  P3REN                        
00000011  P4REN                        
00000018  P3IN                         
00000019  P3OUT                        
0000001a  P3DIR                        
0000001b  P3SEL                        
0000001c  P4IN                         
0000001d  P4OUT                        
0000001e  P4DIR                        
0000001f  P4SEL                        
00000020  P1IN                         
00000021  P1OUT                        
00000022  P1DIR                        
00000023  P1IFG                        
00000024  P1IES                        
00000025  P1IE                         
00000026  P1SEL                        
00000027  P1REN                        
00000028  P2IN                         
00000029  P2OUT                        
0000002a  P2DIR                        
0000002b  P2IFG                        
0000002c  P2IES                        
0000002d  P2IE                         
0000002e  P2SEL                        
0000002f  P2REN                        
00000048  ADC10DTC0                    
00000049  ADC10DTC1                    
0000004a  ADC10AE0                     
0000004b  ADC10AE1                     
00000050  __STACK_SIZE                 
00000053  BCSCTL3                      
00000056  DCOCTL                       
00000057  BCSCTL1                      
00000058  BCSCTL2                      
0000005d  UCA0ABCTL                    
0000005e  UCA0IRTCTL                   
0000005f  UCA0IRRCTL                   
00000060  UCA0CTL0                     
00000061  UCA0CTL1                     
00000062  UCA0BR0                      
00000063  UCA0BR1                      
00000064  UCA0MCTL                     
00000065  UCA0STAT                     
00000066  UCA0RXBUF                    
00000067  UCA0TXBUF                    
00000068  UCB0CTL0                     
00000069  UCB0CTL1                     
0000006a  UCB0BR0                      
0000006b  UCB0BR1                      
0000006c  UCB0I2CIE                    
0000006d  UCB0STAT                     
0000006e  UCB0RXBUF                    
0000006f  UCB0TXBUF                    
00000118  UCB0I2COA                    
0000011a  UCB0I2CSA                    
0000011e  TBIV                         
00000120  WDTCTL                       
00000128  FCTL1                        
0000012a  FCTL2                        
0000012c  FCTL3                        
0000012e  TAIV                         
00000160  TACTL                        
00000162  TACCTL0                      
00000164  TACCTL1                      
00000166  TACCTL2                      
00000170  TAR                          
00000172  TACCR0                       
00000174  TACCR1                       
00000176  TACCR2                       
00000180  TBCTL                        
00000182  TBCCTL0                      
00000184  TBCCTL1                      
00000186  TBCCTL2                      
00000190  TBR                          
00000192  TBCCR0                       
00000194  TBCCR1                       
00000196  TBCCR2                       
000001b0  ADC10CTL0                    
000001b2  ADC10CTL1                    
000001b4  ADC10MEM                     
000001bc  ADC10SA                      
00000200  motor                        
0000020c  charge_timer                 
00000216  temperature                  
00000220  battery_voltage              
00000228  charger_voltage              
00000230  moisture                     
00000238  system_time                  
0000023c  tick_tock                    
0000023d  system_status                
0000023e  adc_data_pointer             
00000240  spi_input_buffer_index       
00000241  spi_output_buffer_index      
00000242  spi_input_buffer             
00000256  spi_output_buffer            
0000026a  temp                         
000005b0  _stack                       
00000600  __STACK_END                  
000010f8  CALDCO_16MHZ                 
000010f9  CALBC1_16MHZ                 
000010fa  CALDCO_12MHZ                 
000010fb  CALBC1_12MHZ                 
000010fc  CALDCO_8MHZ                  
000010fd  CALBC1_8MHZ                  
000010fe  CALDCO_1MHZ                  
000010ff  CALBC1_1MHZ                  
00008000  system_Setup                 
00008082  __TI_decompress_lzss         
000080fe  main_Charging                
00008176  _auto_init                   
000081e4  copy_in                      
0000823e  __mspabi_srli                
0000824c  __mspabi_srli_15             
00008250  __mspabi_srli_14             
00008254  __mspabi_srli_13             
00008258  __mspabi_srli_12             
0000825c  __mspabi_srli_11             
00008260  __mspabi_srli_10             
00008264  __mspabi_srli_9              
00008268  __mspabi_srli_8              
0000826c  __mspabi_srli_7              
00008270  __mspabi_srli_6              
00008274  __mspabi_srli_5              
00008278  __mspabi_srli_4              
0000827c  __mspabi_srli_3              
00008280  __mspabi_srli_2              
00008284  __mspabi_srli_1              
0000828a  configure_SPI                
000082ce  SPI_Word                     
00008310  check_Temperature            
00008350  check_Charger_Voltage        
0000838c  check_Moisture               
000083c6  check_Battery_Voltage        
000083fe  is_Timer_Expired             
00008436  main                         
0000846e  get_Moisture_Value           
000084a4  get_Temperature_Value        
000084da  get_Voltage_Value            
00008510  set_Temperature_Threshold    
00008542  __mspabi_slli                
0000854e  __mspabi_slli_15             
00008550  __mspabi_slli_14             
00008552  __mspabi_slli_13             
00008554  __mspabi_slli_12             
00008556  __mspabi_slli_11             
00008558  __mspabi_slli_10             
0000855a  __mspabi_slli_9              
0000855c  __mspabi_slli_8              
0000855e  __mspabi_slli_7              
00008560  __mspabi_slli_6              
00008562  __mspabi_slli_5              
00008564  __mspabi_slli_4              
00008566  __mspabi_slli_3              
00008568  __mspabi_slli_2              
0000856a  __mspabi_slli_1              
0000856e  start_Timer                  
0000859a  run_Motor_Timed              
000085c2  SPI_TX_Interrupt             
000085e8  ADC_Select_And_Enable_Channel
0000860c  SPI_RX_Interrupt             
0000862e  configure_Main_Clock         
0000864e  Timer0_A0_Interrupt          
0000866c  check_Motor_State            
0000868a  ADC_Interrupt                
000086a4  _c_int00_noargs_noexit       
000086be  ADC_Start                    
000086d6  P1_Interrupt                 
000086ec  ADC_Enable                   
00008700  __TI_zero_init               
00008714  __mspabi_mpyi                
00008714  __mspabi_mpyi_sw             
00008728  __TI_decompress_none         
0000873a  memcpy                       
0000874c  configure_ADC                
0000875c  __mspabi_func_epilog_7       
0000875e  __mspabi_func_epilog_6       
00008760  __mspabi_func_epilog_5       
00008762  __mspabi_func_epilog_4       
00008764  __mspabi_func_epilog_3       
00008766  __mspabi_func_epilog_2       
00008768  __mspabi_func_epilog_1       
0000876c  calibrate_Temperature        
00008776  set_Timer_Interval           
00008780  __TI_ISR_TRAP                
00008788  C$$EXIT                      
00008788  abort                        
0000878e  get_Battery_Voltage          
00008794  _system_pre_init             
00008798  _system_post_cinit           
000087c4  __TI_Handler_Table_Base      
000087ca  __TI_Handler_Table_Limit     
000087ce  __TI_CINIT_Base              
000087d6  __TI_CINIT_Limit             
0000ffe4  __TI_int02                   
0000ffe6  __TI_int03                   
0000ffea  __TI_int05                   
0000ffec  __TI_int06                   
0000ffee  __TI_int07                   
0000fff0  __TI_int08                   
0000fff2  __TI_int09                   
0000fff4  __TI_int10                   
0000fff8  __TI_int12                   
0000fffa  __TI_int13                   
0000fffc  __TI_int14                   
0000fffe  _reset_vector                
ffffffff  __TI_pprof_out_hndl          
ffffffff  __TI_prof_data_size          
ffffffff  __TI_prof_data_start         
ffffffff  __c_args__                   
UNDEFED   __TI_BINIT_Base              
UNDEFED   __TI_BINIT_Limit             
UNDEFED   __TI_INITARRAY_Base          
UNDEFED   __TI_INITARRAY_Limit         

[218 symbols]
