******************************************************************************
                  MSP430 Linker PC v16.9.0                     
******************************************************************************
>> Linked Wed Jan 25 21:58:58 2017

OUTPUT FILE NAME:   <Shaker.out>
ENTRY POINT SYMBOL: "_c_int00_noargs_noexit"  address: 0000c4f4


MEMORY CONFIGURATION

         name            origin    length      used     unused   attr    fill
----------------------  --------  ---------  --------  --------  ----  --------
  SFR                   00000000   00000010  00000000  00000010  RWIX
  PERIPHERALS_8BIT      00000010   000000f0  00000000  000000f0  RWIX
  PERIPHERALS_16BIT     00000100   00000100  00000000  00000100  RWIX
  RAM                   00000200   00000200  0000009c  00000164  RWIX
  INFOD                 00001000   00000040  00000000  00000040  RWIX
  INFOC                 00001040   00000040  00000000  00000040  RWIX
  INFOB                 00001080   00000040  00000000  00000040  RWIX
  INFOA                 000010c0   00000040  00000000  00000040  RWIX
  FLASH                 0000c000   00003fde  00000620  000039be  RWIX
  BSLSIGNATURE          0000ffde   00000002  00000002  00000000  RWIX  ffff 
  INT00                 0000ffe0   00000002  00000002  00000000  RWIX
  INT01                 0000ffe2   00000002  00000000  00000002  RWIX
  INT02                 0000ffe4   00000002  00000002  00000000  RWIX
  INT03                 0000ffe6   00000002  00000002  00000000  RWIX
  INT04                 0000ffe8   00000002  00000000  00000002  RWIX
  INT05                 0000ffea   00000002  00000002  00000000  RWIX
  INT06                 0000ffec   00000002  00000002  00000000  RWIX
  INT07                 0000ffee   00000002  00000002  00000000  RWIX
  INT08                 0000fff0   00000002  00000002  00000000  RWIX
  INT09                 0000fff2   00000002  00000002  00000000  RWIX
  INT10                 0000fff4   00000002  00000002  00000000  RWIX
  INT11                 0000fff6   00000002  00000002  00000000  RWIX
  INT12                 0000fff8   00000002  00000002  00000000  RWIX
  INT13                 0000fffa   00000002  00000002  00000000  RWIX
  INT14                 0000fffc   00000002  00000002  00000000  RWIX
  RESET                 0000fffe   00000002  00000002  00000000  RWIX


SECTION ALLOCATION MAP

 output                                  attributes/
section   page    origin      length       input sections
--------  ----  ----------  ----------   ----------------
.bss       0    00000200    00000028     UNINITIALIZED
                  00000200    00000014     (.common:spi_input_buffer)
                  00000214    00000014     (.common:spi_output_buffer)

.data      0    00000228    00000024     UNINITIALIZED
                  00000228    0000000a     temp_sensor.obj (.data:temperature)
                  00000232    00000008     voltage_monitor.obj (.data:battery_voltage)
                  0000023a    00000008     moisture_sensor.obj (.data:moisture)
                  00000242    00000005     system_time.obj (.data)
                  00000247    00000001     main.obj (.data:system_status)
                  00000248    00000002     adc.obj (.data)
                  0000024a    00000002     interrupt.obj (.data)

.stack     0    000003b0    00000050     UNINITIALIZED
                  000003b0    00000002     rts430_eabi.lib : boot.obj (.stack)
                  000003b2    0000004e     --HOLE--

.text      0    0000c000    000005f0     
                  0000c000    0000007c     rts430_eabi.lib : copy_decompress_lzss.obj (.text:decompress:lzss:__TI_decompress_lzss)
                  0000c07c    0000006e                     : autoinit.obj (.text:_auto_init)
                  0000c0ea    0000005c     main.obj (.text:system_Setup)
                  0000c146    0000005a     rts430_eabi.lib : cpy_tbl.obj (.text:copy_in)
                  0000c1a0    0000004c     SPI.obj (.text:configure_SPI)
                  0000c1ec    0000004c     rts430_eabi.lib : lsr16.obj (.text)
                  0000c238    0000004a     main.obj (.text:update_Status_LEDs)
                  0000c282    00000040     temp_sensor.obj (.text:check_Temperature)
                  0000c2c2    0000003a     moisture_sensor.obj (.text:check_Moisture)
                  0000c2fc    00000038     voltage_monitor.obj (.text:check_Battery_Voltage)
                  0000c334    00000036     moisture_sensor.obj (.text:get_Moisture_Value)
                  0000c36a    00000036     temp_sensor.obj (.text:get_Temperature_Value)
                  0000c3a0    00000036     voltage_monitor.obj (.text:get_Voltage_Value)
                  0000c3d6    00000032     temp_sensor.obj (.text:set_Temperature_Threshold)
                  0000c408    0000002c     rts430_eabi.lib : lsl16.obj (.text)
                  0000c434    00000026     interrupt.obj (.text:SPI_TX_Interrupt)
                  0000c45a    00000024     adc.obj (.text:ADC_Select_And_Enable_Channel)
                  0000c47e    00000022     interrupt.obj (.text:SPI_RX_Interrupt)
                  0000c4a0    00000020     system_time.obj (.text:configure_Main_Clock)
                  0000c4c0    0000001a     adc.obj (.text:ADC_Interrupt)
                  0000c4da    0000001a     system_time.obj (.text:Timer1_A0_Interrupt)
                  0000c4f4    0000001a     rts430_eabi.lib : boot_special.obj (.text:_c_int00_noargs_noexit)
                  0000c50e    00000018     adc.obj (.text:ADC_Start)
                  0000c526    00000016     main.obj (.text:P1_Interrupt)
                  0000c53c    00000016     main.obj (.text:main)
                  0000c552    00000014     adc.obj (.text:ADC_Enable)
                  0000c566    00000014     rts430_eabi.lib : copy_zero_init.obj (.text:decompress:ZI:__TI_zero_init)
                  0000c57a    00000014                     : mult16.obj (.text)
                  0000c58e    00000012                     : copy_decompress_none.obj (.text:decompress:none:__TI_decompress_none)
                  0000c5a0    00000012                     : memcpy.obj (.text:memcpy)
                  0000c5b2    00000010     adc.obj (.text:configure_ADC)
                  0000c5c2    00000010     rts430_eabi.lib : epilog.obj (.text)
                  0000c5d2    0000000a     temp_sensor.obj (.text:calibrate_Temperature)
                  0000c5dc    00000008     rts430_eabi.lib : isr_trap.obj (.text:_isr:__TI_ISR_TRAP)
                  0000c5e4    00000006                     : exit.obj (.text:abort)
                  0000c5ea    00000004                     : pre_init.obj (.text:_system_pre_init)
                  0000c5ee    00000002                     : startup.obj (.text:_system_post_cinit)

.cinit     0    0000c5f0    00000030     
                  0000c5f0    0000001e     (.cinit..data.load) [load image, compression = lzss]
                  0000c60e    00000006     (__TI_handler_table)
                  0000c614    00000004     (.cinit..bss.load) [load image, compression = zero_init]
                  0000c618    00000008     (__TI_cinit_table)

.binit     0    0000c000    00000000     

.init_array 
*          0    0000c000    00000000     UNINITIALIZED

TRAPINT    0    0000ffe0    00000002     
                  0000ffe0    00000002     rts430_eabi.lib : int00.obj (.int00)

$fill000   0    0000ffde    00000002     
                  0000ffde    00000002     --HOLE-- [fill = ffff]

PORT1      0    0000ffe4    00000002     
                  0000ffe4    00000002     main.obj (.int02)

PORT2      0    0000ffe6    00000002     
                  0000ffe6    00000002     rts430_eabi.lib : int03.obj (.int03)

ADC10      0    0000ffea    00000002     
                  0000ffea    00000002     adc.obj (.int05)

USCIAB0TX 
*          0    0000ffec    00000002     
                  0000ffec    00000002     interrupt.obj (.int06)

USCIAB0RX 
*          0    0000ffee    00000002     
                  0000ffee    00000002     interrupt.obj (.int07)

TIMER0_A1 
*          0    0000fff0    00000002     
                  0000fff0    00000002     rts430_eabi.lib : int08.obj (.int08)

TIMER0_A0 
*          0    0000fff2    00000002     
                  0000fff2    00000002     rts430_eabi.lib : int09.obj (.int09)

WDT        0    0000fff4    00000002     
                  0000fff4    00000002     rts430_eabi.lib : int10.obj (.int10)

COMPARATORA 
*          0    0000fff6    00000002     
                  0000fff6    00000002     rts430_eabi.lib : int11.obj (.int11)

TIMER1_A1 
*          0    0000fff8    00000002     
                  0000fff8    00000002     rts430_eabi.lib : int12.obj (.int12)

TIMER1_A0 
*          0    0000fffa    00000002     
                  0000fffa    00000002     system_time.obj (.int13)

NMI        0    0000fffc    00000002     
                  0000fffc    00000002     rts430_eabi.lib : int14.obj (.int14)

.reset     0    0000fffe    00000002     
                  0000fffe    00000002     rts430_eabi.lib : boot.obj (.reset)

MODULE SUMMARY

       Module                     code   ro data   rw data
       ------                     ----   -------   -------
    .\
       main.obj                   210    2         1      
       temp_sensor.obj            178    0         10     
       adc.obj                    122    2         2      
       moisture_sensor.obj        112    0         8      
       interrupt.obj              72     4         42     
       voltage_monitor.obj        110    0         8      
       SPI.obj                    76     0         0      
       system_time.obj            58     2         5      
    +--+--------------------------+------+---------+---------+
       Total:                     938    10        76     
                                                          
    C:\ti\ccsv7\tools\compiler\ti-cgt-msp430_16.9.0.LTS\lib\rts430_eabi.lib
       copy_decompress_lzss.obj   124    0         0      
       autoinit.obj               110    0         0      
       cpy_tbl.obj                90     0         0      
       lsr16.obj                  76     0         0      
       lsl16.obj                  44     0         0      
       boot_special.obj           26     0         0      
       copy_zero_init.obj         20     0         0      
       mult16.obj                 20     0         0      
       copy_decompress_none.obj   18     0         0      
       memcpy.obj                 18     0         0      
       epilog.obj                 16     0         0      
       isr_trap.obj               8      0         0      
       exit.obj                   6      0         0      
       pre_init.obj               4      0         0      
       boot.obj                   0      2         0      
       int00.obj                  0      2         0      
       int03.obj                  0      2         0      
       int08.obj                  0      2         0      
       int09.obj                  0      2         0      
       int10.obj                  0      2         0      
       int11.obj                  0      2         0      
       int12.obj                  0      2         0      
       int14.obj                  0      2         0      
       startup.obj                2      0         0      
    +--+--------------------------+------+---------+---------+
       Total:                     582    18        0      
                                                          
       Stack:                     0      0         80     
       Linker Generated:          0      48        0      
    +--+--------------------------+------+---------+---------+
       Grand Total:               1520   76        156    


LINKER GENERATED COPY TABLES

__TI_cinit_table @ 0000c618 records: 2, size/record: 4, table size: 8
	.data: load addr=0000c5f0, load size=0000001e bytes, run addr=00000228, run size=00000024 bytes, compression=lzss
	.bss: load addr=0000c614, load size=00000004 bytes, run addr=00000200, run size=00000028 bytes, compression=zero_init


LINKER GENERATED HANDLER TABLE

__TI_handler_table @ 0000c60e records: 3, size/record: 2, table size: 6
	index: 0, handler: __TI_zero_init
	index: 1, handler: __TI_decompress_lzss
	index: 2, handler: __TI_decompress_none


GLOBAL SYMBOLS: SORTED ALPHABETICALLY BY Name 

address   name                         
-------   ----                         
0000004a  ADC10AE0                     
000001b0  ADC10CTL0                    
000001b2  ADC10CTL1                    
00000048  ADC10DTC0                    
00000049  ADC10DTC1                    
000001b4  ADC10MEM                     
000001bc  ADC10SA                      
0000c552  ADC_Enable                   
0000c4c0  ADC_Interrupt                
0000c45a  ADC_Select_And_Enable_Channel
0000c50e  ADC_Start                    
00000057  BCSCTL1                      
00000058  BCSCTL2                      
00000053  BCSCTL3                      
0000c5e4  C$$EXIT                      
00000059  CACTL1                       
0000005a  CACTL2                       
000010fb  CALBC1_12MHZ                 
000010f9  CALBC1_16MHZ                 
000010ff  CALBC1_1MHZ                  
000010fd  CALBC1_8MHZ                  
000010fa  CALDCO_12MHZ                 
000010f8  CALDCO_16MHZ                 
000010fe  CALDCO_1MHZ                  
000010fc  CALDCO_8MHZ                  
0000005b  CAPD                         
00000056  DCOCTL                       
00000128  FCTL1                        
0000012a  FCTL2                        
0000012c  FCTL3                        
00000000  IE1                          
00000001  IE2                          
00000002  IFG1                         
00000003  IFG2                         
00000022  P1DIR                        
00000025  P1IE                         
00000024  P1IES                        
00000023  P1IFG                        
00000020  P1IN                         
00000021  P1OUT                        
00000027  P1REN                        
00000026  P1SEL                        
00000041  P1SEL2                       
0000c526  P1_Interrupt                 
0000002a  P2DIR                        
0000002d  P2IE                         
0000002c  P2IES                        
0000002b  P2IFG                        
00000028  P2IN                         
00000029  P2OUT                        
0000002f  P2REN                        
0000002e  P2SEL                        
00000042  P2SEL2                       
0000001a  P3DIR                        
00000018  P3IN                         
00000019  P3OUT                        
00000010  P3REN                        
0000001b  P3SEL                        
00000043  P3SEL2                       
0000c47e  SPI_RX_Interrupt             
0000c434  SPI_TX_Interrupt             
00000172  TA0CCR0                      
00000174  TA0CCR1                      
00000176  TA0CCR2                      
00000162  TA0CCTL0                     
00000164  TA0CCTL1                     
00000166  TA0CCTL2                     
00000160  TA0CTL                       
0000012e  TA0IV                        
00000170  TA0R                         
00000192  TA1CCR0                      
00000194  TA1CCR1                      
00000196  TA1CCR2                      
00000182  TA1CCTL0                     
00000184  TA1CCTL1                     
00000186  TA1CCTL2                     
00000180  TA1CTL                       
0000011e  TA1IV                        
00000190  TA1R                         
000010db  TLV_ADC10_1_LEN              
000010da  TLV_ADC10_1_TAG              
000010c0  TLV_CHECKSUM                 
000010f7  TLV_DCO_30_LEN               
000010f6  TLV_DCO_30_TAG               
0000c4da  Timer1_A0_Interrupt          
0000005d  UCA0ABCTL                    
00000062  UCA0BR0                      
00000063  UCA0BR1                      
00000060  UCA0CTL0                     
00000061  UCA0CTL1                     
0000005f  UCA0IRRCTL                   
0000005e  UCA0IRTCTL                   
00000064  UCA0MCTL                     
00000066  UCA0RXBUF                    
00000065  UCA0STAT                     
00000067  UCA0TXBUF                    
0000006a  UCB0BR0                      
0000006b  UCB0BR1                      
00000068  UCB0CTL0                     
00000069  UCB0CTL1                     
0000006c  UCB0I2CIE                    
00000118  UCB0I2COA                    
0000011a  UCB0I2CSA                    
0000006e  UCB0RXBUF                    
0000006d  UCB0STAT                     
0000006f  UCB0TXBUF                    
00000120  WDTCTL                       
00000400  __STACK_END                  
00000050  __STACK_SIZE                 
UNDEFED   __TI_BINIT_Base              
UNDEFED   __TI_BINIT_Limit             
0000c618  __TI_CINIT_Base              
0000c620  __TI_CINIT_Limit             
0000c60e  __TI_Handler_Table_Base      
0000c614  __TI_Handler_Table_Limit     
UNDEFED   __TI_INITARRAY_Base          
UNDEFED   __TI_INITARRAY_Limit         
0000c5dc  __TI_ISR_TRAP                
0000c000  __TI_decompress_lzss         
0000c58e  __TI_decompress_none         
0000ffe0  __TI_int00                   
0000ffe4  __TI_int02                   
0000ffe6  __TI_int03                   
0000ffea  __TI_int05                   
0000ffec  __TI_int06                   
0000ffee  __TI_int07                   
0000fff0  __TI_int08                   
0000fff2  __TI_int09                   
0000fff4  __TI_int10                   
0000fff6  __TI_int11                   
0000fff8  __TI_int12                   
0000fffa  __TI_int13                   
0000fffc  __TI_int14                   
ffffffff  __TI_pprof_out_hndl          
ffffffff  __TI_prof_data_size          
ffffffff  __TI_prof_data_start         
0000c566  __TI_zero_init               
ffffffff  __c_args__                   
0000c5ce  __mspabi_func_epilog_1       
0000c5cc  __mspabi_func_epilog_2       
0000c5ca  __mspabi_func_epilog_3       
0000c5c8  __mspabi_func_epilog_4       
0000c5c6  __mspabi_func_epilog_5       
0000c5c4  __mspabi_func_epilog_6       
0000c5c2  __mspabi_func_epilog_7       
0000c57a  __mspabi_mpyi                
0000c57a  __mspabi_mpyi_sw             
0000c408  __mspabi_slli                
0000c430  __mspabi_slli_1              
0000c41e  __mspabi_slli_10             
0000c41c  __mspabi_slli_11             
0000c41a  __mspabi_slli_12             
0000c418  __mspabi_slli_13             
0000c416  __mspabi_slli_14             
0000c414  __mspabi_slli_15             
0000c42e  __mspabi_slli_2              
0000c42c  __mspabi_slli_3              
0000c42a  __mspabi_slli_4              
0000c428  __mspabi_slli_5              
0000c426  __mspabi_slli_6              
0000c424  __mspabi_slli_7              
0000c422  __mspabi_slli_8              
0000c420  __mspabi_slli_9              
0000c1ec  __mspabi_srli                
0000c232  __mspabi_srli_1              
0000c20e  __mspabi_srli_10             
0000c20a  __mspabi_srli_11             
0000c206  __mspabi_srli_12             
0000c202  __mspabi_srli_13             
0000c1fe  __mspabi_srli_14             
0000c1fa  __mspabi_srli_15             
0000c22e  __mspabi_srli_2              
0000c22a  __mspabi_srli_3              
0000c226  __mspabi_srli_4              
0000c222  __mspabi_srli_5              
0000c21e  __mspabi_srli_6              
0000c21a  __mspabi_srli_7              
0000c216  __mspabi_srli_8              
0000c212  __mspabi_srli_9              
0000c07c  _auto_init                   
0000c4f4  _c_int00_noargs_noexit       
0000fffe  _reset_vector                
000003b0  _stack                       
0000c5ee  _system_post_cinit           
0000c5ea  _system_pre_init             
0000c5e4  abort                        
00000248  adc_data_pointer             
00000232  battery_voltage              
0000c5d2  calibrate_Temperature        
0000c2fc  check_Battery_Voltage        
0000c2c2  check_Moisture               
0000c282  check_Temperature            
0000c5b2  configure_ADC                
0000c4a0  configure_Main_Clock         
0000c1a0  configure_SPI                
0000c146  copy_in                      
0000c334  get_Moisture_Value           
0000c36a  get_Temperature_Value        
0000c3a0  get_Voltage_Value            
0000c53c  main                         
0000c5a0  memcpy                       
0000023a  moisture                     
0000c3d6  set_Temperature_Threshold    
00000200  spi_input_buffer             
0000024a  spi_input_buffer_index       
00000214  spi_output_buffer            
0000024b  spi_output_buffer_index      
0000c0ea  system_Setup                 
00000247  system_status                
00000242  system_time                  
00000228  temperature                  
00000246  tick_tock                    
0000c238  update_Status_LEDs           


GLOBAL SYMBOLS: SORTED BY Symbol Address 

address   name                         
-------   ----                         
00000000  IE1                          
00000001  IE2                          
00000002  IFG1                         
00000003  IFG2                         
00000010  P3REN                        
00000018  P3IN                         
00000019  P3OUT                        
0000001a  P3DIR                        
0000001b  P3SEL                        
00000020  P1IN                         
00000021  P1OUT                        
00000022  P1DIR                        
00000023  P1IFG                        
00000024  P1IES                        
00000025  P1IE                         
00000026  P1SEL                        
00000027  P1REN                        
00000028  P2IN                         
00000029  P2OUT                        
0000002a  P2DIR                        
0000002b  P2IFG                        
0000002c  P2IES                        
0000002d  P2IE                         
0000002e  P2SEL                        
0000002f  P2REN                        
00000041  P1SEL2                       
00000042  P2SEL2                       
00000043  P3SEL2                       
00000048  ADC10DTC0                    
00000049  ADC10DTC1                    
0000004a  ADC10AE0                     
00000050  __STACK_SIZE                 
00000053  BCSCTL3                      
00000056  DCOCTL                       
00000057  BCSCTL1                      
00000058  BCSCTL2                      
00000059  CACTL1                       
0000005a  CACTL2                       
0000005b  CAPD                         
0000005d  UCA0ABCTL                    
0000005e  UCA0IRTCTL                   
0000005f  UCA0IRRCTL                   
00000060  UCA0CTL0                     
00000061  UCA0CTL1                     
00000062  UCA0BR0                      
00000063  UCA0BR1                      
00000064  UCA0MCTL                     
00000065  UCA0STAT                     
00000066  UCA0RXBUF                    
00000067  UCA0TXBUF                    
00000068  UCB0CTL0                     
00000069  UCB0CTL1                     
0000006a  UCB0BR0                      
0000006b  UCB0BR1                      
0000006c  UCB0I2CIE                    
0000006d  UCB0STAT                     
0000006e  UCB0RXBUF                    
0000006f  UCB0TXBUF                    
00000118  UCB0I2COA                    
0000011a  UCB0I2CSA                    
0000011e  TA1IV                        
00000120  WDTCTL                       
00000128  FCTL1                        
0000012a  FCTL2                        
0000012c  FCTL3                        
0000012e  TA0IV                        
00000160  TA0CTL                       
00000162  TA0CCTL0                     
00000164  TA0CCTL1                     
00000166  TA0CCTL2                     
00000170  TA0R                         
00000172  TA0CCR0                      
00000174  TA0CCR1                      
00000176  TA0CCR2                      
00000180  TA1CTL                       
00000182  TA1CCTL0                     
00000184  TA1CCTL1                     
00000186  TA1CCTL2                     
00000190  TA1R                         
00000192  TA1CCR0                      
00000194  TA1CCR1                      
00000196  TA1CCR2                      
000001b0  ADC10CTL0                    
000001b2  ADC10CTL1                    
000001b4  ADC10MEM                     
000001bc  ADC10SA                      
00000200  spi_input_buffer             
00000214  spi_output_buffer            
00000228  temperature                  
00000232  battery_voltage              
0000023a  moisture                     
00000242  system_time                  
00000246  tick_tock                    
00000247  system_status                
00000248  adc_data_pointer             
0000024a  spi_input_buffer_index       
0000024b  spi_output_buffer_index      
000003b0  _stack                       
00000400  __STACK_END                  
000010c0  TLV_CHECKSUM                 
000010da  TLV_ADC10_1_TAG              
000010db  TLV_ADC10_1_LEN              
000010f6  TLV_DCO_30_TAG               
000010f7  TLV_DCO_30_LEN               
000010f8  CALDCO_16MHZ                 
000010f9  CALBC1_16MHZ                 
000010fa  CALDCO_12MHZ                 
000010fb  CALBC1_12MHZ                 
000010fc  CALDCO_8MHZ                  
000010fd  CALBC1_8MHZ                  
000010fe  CALDCO_1MHZ                  
000010ff  CALBC1_1MHZ                  
0000c000  __TI_decompress_lzss         
0000c07c  _auto_init                   
0000c0ea  system_Setup                 
0000c146  copy_in                      
0000c1a0  configure_SPI                
0000c1ec  __mspabi_srli                
0000c1fa  __mspabi_srli_15             
0000c1fe  __mspabi_srli_14             
0000c202  __mspabi_srli_13             
0000c206  __mspabi_srli_12             
0000c20a  __mspabi_srli_11             
0000c20e  __mspabi_srli_10             
0000c212  __mspabi_srli_9              
0000c216  __mspabi_srli_8              
0000c21a  __mspabi_srli_7              
0000c21e  __mspabi_srli_6              
0000c222  __mspabi_srli_5              
0000c226  __mspabi_srli_4              
0000c22a  __mspabi_srli_3              
0000c22e  __mspabi_srli_2              
0000c232  __mspabi_srli_1              
0000c238  update_Status_LEDs           
0000c282  check_Temperature            
0000c2c2  check_Moisture               
0000c2fc  check_Battery_Voltage        
0000c334  get_Moisture_Value           
0000c36a  get_Temperature_Value        
0000c3a0  get_Voltage_Value            
0000c3d6  set_Temperature_Threshold    
0000c408  __mspabi_slli                
0000c414  __mspabi_slli_15             
0000c416  __mspabi_slli_14             
0000c418  __mspabi_slli_13             
0000c41a  __mspabi_slli_12             
0000c41c  __mspabi_slli_11             
0000c41e  __mspabi_slli_10             
0000c420  __mspabi_slli_9              
0000c422  __mspabi_slli_8              
0000c424  __mspabi_slli_7              
0000c426  __mspabi_slli_6              
0000c428  __mspabi_slli_5              
0000c42a  __mspabi_slli_4              
0000c42c  __mspabi_slli_3              
0000c42e  __mspabi_slli_2              
0000c430  __mspabi_slli_1              
0000c434  SPI_TX_Interrupt             
0000c45a  ADC_Select_And_Enable_Channel
0000c47e  SPI_RX_Interrupt             
0000c4a0  configure_Main_Clock         
0000c4c0  ADC_Interrupt                
0000c4da  Timer1_A0_Interrupt          
0000c4f4  _c_int00_noargs_noexit       
0000c50e  ADC_Start                    
0000c526  P1_Interrupt                 
0000c53c  main                         
0000c552  ADC_Enable                   
0000c566  __TI_zero_init               
0000c57a  __mspabi_mpyi                
0000c57a  __mspabi_mpyi_sw             
0000c58e  __TI_decompress_none         
0000c5a0  memcpy                       
0000c5b2  configure_ADC                
0000c5c2  __mspabi_func_epilog_7       
0000c5c4  __mspabi_func_epilog_6       
0000c5c6  __mspabi_func_epilog_5       
0000c5c8  __mspabi_func_epilog_4       
0000c5ca  __mspabi_func_epilog_3       
0000c5cc  __mspabi_func_epilog_2       
0000c5ce  __mspabi_func_epilog_1       
0000c5d2  calibrate_Temperature        
0000c5dc  __TI_ISR_TRAP                
0000c5e4  C$$EXIT                      
0000c5e4  abort                        
0000c5ea  _system_pre_init             
0000c5ee  _system_post_cinit           
0000c60e  __TI_Handler_Table_Base      
0000c614  __TI_Handler_Table_Limit     
0000c618  __TI_CINIT_Base              
0000c620  __TI_CINIT_Limit             
0000ffe0  __TI_int00                   
0000ffe4  __TI_int02                   
0000ffe6  __TI_int03                   
0000ffea  __TI_int05                   
0000ffec  __TI_int06                   
0000ffee  __TI_int07                   
0000fff0  __TI_int08                   
0000fff2  __TI_int09                   
0000fff4  __TI_int10                   
0000fff6  __TI_int11                   
0000fff8  __TI_int12                   
0000fffa  __TI_int13                   
0000fffc  __TI_int14                   
0000fffe  _reset_vector                
ffffffff  __TI_pprof_out_hndl          
ffffffff  __TI_prof_data_size          
ffffffff  __TI_prof_data_start         
ffffffff  __c_args__                   
UNDEFED   __TI_BINIT_Base              
UNDEFED   __TI_BINIT_Limit             
UNDEFED   __TI_INITARRAY_Base          
UNDEFED   __TI_INITARRAY_Limit         

[213 symbols]
