<?xml version="1.0"?>
<link_info>
   <banner>MSP430 Linker PC v16.9.0.LTS</banner>
   <copyright>Copyright (c) 2003-2015 Texas Instruments Incorporated</copyright>
   <link_time>0x58cd64c4</link_time>
   <link_errors>0x0</link_errors>
   <output_file>Shaker.out</output_file>
   <entry_point>
      <name>_c_int00_noargs_noexit</name>
      <address>0x86a4</address>
   </entry_point>
   <input_file_list>
      <input_file id="fl-2">
         <path>.\</path>
         <kind>object</kind>
         <file>SPI.obj</file>
         <name>SPI.obj</name>
      </input_file>
      <input_file id="fl-3">
         <path>.\</path>
         <kind>object</kind>
         <file>adc.obj</file>
         <name>adc.obj</name>
      </input_file>
      <input_file id="fl-4">
         <path>.\</path>
         <kind>object</kind>
         <file>interrupt.obj</file>
         <name>interrupt.obj</name>
      </input_file>
      <input_file id="fl-5">
         <path>.\</path>
         <kind>object</kind>
         <file>main.obj</file>
         <name>main.obj</name>
      </input_file>
      <input_file id="fl-6">
         <path>.\</path>
         <kind>object</kind>
         <file>moisture_sensor.obj</file>
         <name>moisture_sensor.obj</name>
      </input_file>
      <input_file id="fl-7">
         <path>.\</path>
         <kind>object</kind>
         <file>motor.obj</file>
         <name>motor.obj</name>
      </input_file>
      <input_file id="fl-8">
         <path>.\</path>
         <kind>object</kind>
         <file>system_time.obj</file>
         <name>system_time.obj</name>
      </input_file>
      <input_file id="fl-9">
         <path>.\</path>
         <kind>object</kind>
         <file>temp_sensor.obj</file>
         <name>temp_sensor.obj</name>
      </input_file>
      <input_file id="fl-a">
         <path>.\</path>
         <kind>object</kind>
         <file>voltage_monitor.obj</file>
         <name>voltage_monitor.obj</name>
      </input_file>
      <input_file id="fl-25">
         <path>C:\ti\ccsv7\tools\compiler\ti-cgt-msp430_16.9.0.LTS\lib\</path>
         <kind>archive</kind>
         <file>rts430_eabi.lib</file>
         <name>boot.obj</name>
      </input_file>
      <input_file id="fl-26">
         <path>C:\ti\ccsv7\tools\compiler\ti-cgt-msp430_16.9.0.LTS\lib\</path>
         <kind>archive</kind>
         <file>rts430_eabi.lib</file>
         <name>boot_special.obj</name>
      </input_file>
      <input_file id="fl-27">
         <path>C:\ti\ccsv7\tools\compiler\ti-cgt-msp430_16.9.0.LTS\lib\</path>
         <kind>archive</kind>
         <file>rts430_eabi.lib</file>
         <name>copy_decompress_lzss.obj</name>
      </input_file>
      <input_file id="fl-28">
         <path>C:\ti\ccsv7\tools\compiler\ti-cgt-msp430_16.9.0.LTS\lib\</path>
         <kind>archive</kind>
         <file>rts430_eabi.lib</file>
         <name>copy_decompress_none.obj</name>
      </input_file>
      <input_file id="fl-29">
         <path>C:\ti\ccsv7\tools\compiler\ti-cgt-msp430_16.9.0.LTS\lib\</path>
         <kind>archive</kind>
         <file>rts430_eabi.lib</file>
         <name>copy_zero_init.obj</name>
      </input_file>
      <input_file id="fl-2a">
         <path>C:\ti\ccsv7\tools\compiler\ti-cgt-msp430_16.9.0.LTS\lib\</path>
         <kind>archive</kind>
         <file>rts430_eabi.lib</file>
         <name>epilog.obj</name>
      </input_file>
      <input_file id="fl-2b">
         <path>C:\ti\ccsv7\tools\compiler\ti-cgt-msp430_16.9.0.LTS\lib\</path>
         <kind>archive</kind>
         <file>rts430_eabi.lib</file>
         <name>exit.obj</name>
      </input_file>
      <input_file id="fl-2c">
         <path>C:\ti\ccsv7\tools\compiler\ti-cgt-msp430_16.9.0.LTS\lib\</path>
         <kind>archive</kind>
         <file>rts430_eabi.lib</file>
         <name>exit_gvars.obj</name>
      </input_file>
      <input_file id="fl-2d">
         <path>C:\ti\ccsv7\tools\compiler\ti-cgt-msp430_16.9.0.LTS\lib\</path>
         <kind>archive</kind>
         <file>rts430_eabi.lib</file>
         <name>int03.obj</name>
      </input_file>
      <input_file id="fl-2e">
         <path>C:\ti\ccsv7\tools\compiler\ti-cgt-msp430_16.9.0.LTS\lib\</path>
         <kind>archive</kind>
         <file>rts430_eabi.lib</file>
         <name>int08.obj</name>
      </input_file>
      <input_file id="fl-2f">
         <path>C:\ti\ccsv7\tools\compiler\ti-cgt-msp430_16.9.0.LTS\lib\</path>
         <kind>archive</kind>
         <file>rts430_eabi.lib</file>
         <name>int10.obj</name>
      </input_file>
      <input_file id="fl-30">
         <path>C:\ti\ccsv7\tools\compiler\ti-cgt-msp430_16.9.0.LTS\lib\</path>
         <kind>archive</kind>
         <file>rts430_eabi.lib</file>
         <name>int12.obj</name>
      </input_file>
      <input_file id="fl-31">
         <path>C:\ti\ccsv7\tools\compiler\ti-cgt-msp430_16.9.0.LTS\lib\</path>
         <kind>archive</kind>
         <file>rts430_eabi.lib</file>
         <name>int13.obj</name>
      </input_file>
      <input_file id="fl-32">
         <path>C:\ti\ccsv7\tools\compiler\ti-cgt-msp430_16.9.0.LTS\lib\</path>
         <kind>archive</kind>
         <file>rts430_eabi.lib</file>
         <name>int14.obj</name>
      </input_file>
      <input_file id="fl-33">
         <path>C:\ti\ccsv7\tools\compiler\ti-cgt-msp430_16.9.0.LTS\lib\</path>
         <kind>archive</kind>
         <file>rts430_eabi.lib</file>
         <name>isr_trap.obj</name>
      </input_file>
      <input_file id="fl-34">
         <path>C:\ti\ccsv7\tools\compiler\ti-cgt-msp430_16.9.0.LTS\lib\</path>
         <kind>archive</kind>
         <file>rts430_eabi.lib</file>
         <name>lsl16.obj</name>
      </input_file>
      <input_file id="fl-35">
         <path>C:\ti\ccsv7\tools\compiler\ti-cgt-msp430_16.9.0.LTS\lib\</path>
         <kind>archive</kind>
         <file>rts430_eabi.lib</file>
         <name>lsr16.obj</name>
      </input_file>
      <input_file id="fl-36">
         <path>C:\ti\ccsv7\tools\compiler\ti-cgt-msp430_16.9.0.LTS\lib\</path>
         <kind>archive</kind>
         <file>rts430_eabi.lib</file>
         <name>memcpy.obj</name>
      </input_file>
      <input_file id="fl-37">
         <path>C:\ti\ccsv7\tools\compiler\ti-cgt-msp430_16.9.0.LTS\lib\</path>
         <kind>archive</kind>
         <file>rts430_eabi.lib</file>
         <name>mpu_init.obj</name>
      </input_file>
      <input_file id="fl-38">
         <path>C:\ti\ccsv7\tools\compiler\ti-cgt-msp430_16.9.0.LTS\lib\</path>
         <kind>archive</kind>
         <file>rts430_eabi.lib</file>
         <name>pre_init.obj</name>
      </input_file>
      <input_file id="fl-39">
         <path>C:\ti\ccsv7\tools\compiler\ti-cgt-msp430_16.9.0.LTS\lib\</path>
         <kind>archive</kind>
         <file>rts430_eabi.lib</file>
         <name>_lock.obj</name>
      </input_file>
      <input_file id="fl-3a">
         <path>C:\ti\ccsv7\tools\compiler\ti-cgt-msp430_16.9.0.LTS\lib\</path>
         <kind>archive</kind>
         <file>rts430_eabi.lib</file>
         <name>args_main.obj</name>
      </input_file>
      <input_file id="fl-3b">
         <path>C:\ti\ccsv7\tools\compiler\ti-cgt-msp430_16.9.0.LTS\lib\</path>
         <kind>archive</kind>
         <file>rts430_eabi.lib</file>
         <name>autoinit.obj</name>
      </input_file>
      <input_file id="fl-3c">
         <path>C:\ti\ccsv7\tools\compiler\ti-cgt-msp430_16.9.0.LTS\lib\</path>
         <kind>archive</kind>
         <file>rts430_eabi.lib</file>
         <name>cpy_tbl.obj</name>
      </input_file>
      <input_file id="fl-3d">
         <path>C:\ti\ccsv7\tools\compiler\ti-cgt-msp430_16.9.0.LTS\lib\</path>
         <kind>archive</kind>
         <file>rts430_eabi.lib</file>
         <name>mult16.obj</name>
      </input_file>
      <input_file id="fl-3e">
         <path>C:\ti\ccsv7\tools\compiler\ti-cgt-msp430_16.9.0.LTS\lib\</path>
         <kind>archive</kind>
         <file>rts430_eabi.lib</file>
         <name>startup.obj</name>
      </input_file>
   </input_file_list>
   <object_component_list>
      <object_component id="oc-197">
         <name>.common:spi_input_buffer</name>
         <uninitialized>true</uninitialized>
         <run_address>0x242</run_address>
         <size>0x14</size>
      </object_component>
      <object_component id="oc-193">
         <name>.common:spi_output_buffer</name>
         <uninitialized>true</uninitialized>
         <run_address>0x256</run_address>
         <size>0x14</size>
      </object_component>
      <object_component id="oc-1ce">
         <name>.common:temp</name>
         <uninitialized>true</uninitialized>
         <run_address>0x26a</run_address>
         <size>0x2</size>
      </object_component>
      <object_component id="oc-18c">
         <name>.data</name>
         <load_address>0x23e</load_address>
         <run_address>0x23e</run_address>
         <size>0x2</size>
         <input_file_ref idref="fl-3"/>
      </object_component>
      <object_component id="oc-190">
         <name>.data</name>
         <load_address>0x240</load_address>
         <run_address>0x240</run_address>
         <size>0x2</size>
         <input_file_ref idref="fl-4"/>
      </object_component>
      <object_component id="oc-277">
         <name>.data:system_status</name>
         <load_address>0x23d</load_address>
         <run_address>0x23d</run_address>
         <size>0x1</size>
         <input_file_ref idref="fl-5"/>
      </object_component>
      <object_component id="oc-27a">
         <name>.data:charge_timer</name>
         <load_address>0x20c</load_address>
         <run_address>0x20c</run_address>
         <size>0xa</size>
         <input_file_ref idref="fl-5"/>
      </object_component>
      <object_component id="oc-288">
         <name>.data:moisture</name>
         <load_address>0x230</load_address>
         <run_address>0x230</run_address>
         <size>0x8</size>
         <input_file_ref idref="fl-6"/>
      </object_component>
      <object_component id="oc-24e">
         <name>.data:motor</name>
         <load_address>0x200</load_address>
         <run_address>0x200</run_address>
         <size>0xc</size>
         <input_file_ref idref="fl-7"/>
      </object_component>
      <object_component id="oc-199">
         <name>.data</name>
         <load_address>0x238</load_address>
         <run_address>0x238</run_address>
         <size>0x5</size>
         <input_file_ref idref="fl-8"/>
      </object_component>
      <object_component id="oc-27e">
         <name>.data:temperature</name>
         <load_address>0x216</load_address>
         <run_address>0x216</run_address>
         <size>0xa</size>
         <input_file_ref idref="fl-9"/>
      </object_component>
      <object_component id="oc-2c0">
         <name>.data:battery_voltage</name>
         <load_address>0x220</load_address>
         <run_address>0x220</run_address>
         <size>0x8</size>
         <input_file_ref idref="fl-a"/>
      </object_component>
      <object_component id="oc-2b6">
         <name>.data:charger_voltage</name>
         <load_address>0x228</load_address>
         <run_address>0x228</run_address>
         <size>0x8</size>
         <input_file_ref idref="fl-a"/>
      </object_component>
      <object_component id="oc-e8">
         <name>.stack</name>
         <uninitialized>true</uninitialized>
         <run_address>0x5b0</run_address>
         <size>0x2</size>
         <input_file_ref idref="fl-25"/>
      </object_component>
      <object_component id="oc-344">
         <name>.stack</name>
         <uninitialized>true</uninitialized>
         <run_address>0x5b0</run_address>
         <size>0x0</size>
      </object_component>
      <object_component id="oc-1c2">
         <name>.text:system_Setup</name>
         <load_address>0x8000</load_address>
         <run_address>0x8000</run_address>
         <size>0x82</size>
         <input_file_ref idref="fl-5"/>
      </object_component>
      <object_component id="oc-32">
         <name>.text:decompress:lzss:__TI_decompress_lzss</name>
         <load_address>0x8082</load_address>
         <run_address>0x8082</run_address>
         <size>0x7c</size>
         <input_file_ref idref="fl-27"/>
      </object_component>
      <object_component id="oc-1dd">
         <name>.text:main_Charging</name>
         <load_address>0x80fe</load_address>
         <run_address>0x80fe</run_address>
         <size>0x78</size>
         <input_file_ref idref="fl-5"/>
      </object_component>
      <object_component id="oc-143">
         <name>.text:_auto_init</name>
         <load_address>0x8176</load_address>
         <run_address>0x8176</run_address>
         <size>0x6e</size>
         <input_file_ref idref="fl-3b"/>
      </object_component>
      <object_component id="oc-1a0">
         <name>.text:copy_in</name>
         <load_address>0x81e4</load_address>
         <run_address>0x81e4</run_address>
         <size>0x5a</size>
         <input_file_ref idref="fl-3c"/>
      </object_component>
      <object_component id="oc-f1">
         <name>.text</name>
         <load_address>0x823e</load_address>
         <run_address>0x823e</run_address>
         <size>0x4c</size>
         <input_file_ref idref="fl-35"/>
      </object_component>
      <object_component id="oc-233">
         <name>.text:configure_SPI</name>
         <load_address>0x828a</load_address>
         <run_address>0x828a</run_address>
         <size>0x44</size>
         <input_file_ref idref="fl-2"/>
      </object_component>
      <object_component id="oc-1c8">
         <name>.text:SPI_Word</name>
         <load_address>0x82ce</load_address>
         <run_address>0x82ce</run_address>
         <size>0x42</size>
         <input_file_ref idref="fl-2"/>
      </object_component>
      <object_component id="oc-1e3">
         <name>.text:check_Temperature</name>
         <load_address>0x8310</load_address>
         <run_address>0x8310</run_address>
         <size>0x40</size>
         <input_file_ref idref="fl-9"/>
      </object_component>
      <object_component id="oc-265">
         <name>.text:check_Charger_Voltage</name>
         <load_address>0x8350</load_address>
         <run_address>0x8350</run_address>
         <size>0x3c</size>
         <input_file_ref idref="fl-a"/>
      </object_component>
      <object_component id="oc-1e9">
         <name>.text:check_Moisture</name>
         <load_address>0x838c</load_address>
         <run_address>0x838c</run_address>
         <size>0x3a</size>
         <input_file_ref idref="fl-6"/>
      </object_component>
      <object_component id="oc-26b">
         <name>.text:check_Battery_Voltage</name>
         <load_address>0x83c6</load_address>
         <run_address>0x83c6</run_address>
         <size>0x38</size>
         <input_file_ref idref="fl-a"/>
      </object_component>
      <object_component id="oc-25e">
         <name>.text:is_Timer_Expired</name>
         <load_address>0x83fe</load_address>
         <run_address>0x83fe</run_address>
         <size>0x38</size>
         <input_file_ref idref="fl-8"/>
      </object_component>
      <object_component id="oc-15d">
         <name>.text:main</name>
         <load_address>0x8436</load_address>
         <run_address>0x8436</run_address>
         <size>0x38</size>
         <input_file_ref idref="fl-5"/>
      </object_component>
      <object_component id="oc-28b">
         <name>.text:get_Moisture_Value</name>
         <load_address>0x846e</load_address>
         <run_address>0x846e</run_address>
         <size>0x36</size>
         <input_file_ref idref="fl-6"/>
      </object_component>
      <object_component id="oc-281">
         <name>.text:get_Temperature_Value</name>
         <load_address>0x84a4</load_address>
         <run_address>0x84a4</run_address>
         <size>0x36</size>
         <input_file_ref idref="fl-9"/>
      </object_component>
      <object_component id="oc-2b9">
         <name>.text:get_Voltage_Value</name>
         <load_address>0x84da</load_address>
         <run_address>0x84da</run_address>
         <size>0x36</size>
         <input_file_ref idref="fl-a"/>
      </object_component>
      <object_component id="oc-2a4">
         <name>.text:set_Temperature_Threshold</name>
         <load_address>0x8510</load_address>
         <run_address>0x8510</run_address>
         <size>0x32</size>
         <input_file_ref idref="fl-9"/>
      </object_component>
      <object_component id="oc-ec">
         <name>.text</name>
         <load_address>0x8542</load_address>
         <run_address>0x8542</run_address>
         <size>0x2c</size>
         <input_file_ref idref="fl-34"/>
      </object_component>
      <object_component id="oc-257">
         <name>.text:start_Timer</name>
         <load_address>0x856e</load_address>
         <run_address>0x856e</run_address>
         <size>0x2c</size>
         <input_file_ref idref="fl-8"/>
      </object_component>
      <object_component id="oc-1d1">
         <name>.text:run_Motor_Timed</name>
         <load_address>0x859a</load_address>
         <run_address>0x859a</run_address>
         <size>0x28</size>
         <input_file_ref idref="fl-7"/>
      </object_component>
      <object_component id="oc-124">
         <name>.text:SPI_TX_Interrupt</name>
         <load_address>0x85c2</load_address>
         <run_address>0x85c2</run_address>
         <size>0x26</size>
         <input_file_ref idref="fl-4"/>
      </object_component>
      <object_component id="oc-2d5">
         <name>.text:ADC_Select_And_Enable_Channel</name>
         <load_address>0x85e8</load_address>
         <run_address>0x85e8</run_address>
         <size>0x24</size>
         <input_file_ref idref="fl-3"/>
      </object_component>
      <object_component id="oc-12a">
         <name>.text:SPI_RX_Interrupt</name>
         <load_address>0x860c</load_address>
         <run_address>0x860c</run_address>
         <size>0x22</size>
         <input_file_ref idref="fl-4"/>
      </object_component>
      <object_component id="oc-22d">
         <name>.text:configure_Main_Clock</name>
         <load_address>0x862e</load_address>
         <run_address>0x862e</run_address>
         <size>0x20</size>
         <input_file_ref idref="fl-8"/>
      </object_component>
      <object_component id="oc-130">
         <name>.text:Timer0_A0_Interrupt</name>
         <load_address>0x864e</load_address>
         <run_address>0x864e</run_address>
         <size>0x1e</size>
         <input_file_ref idref="fl-8"/>
      </object_component>
      <object_component id="oc-1d7">
         <name>.text:check_Motor_State</name>
         <load_address>0x866c</load_address>
         <run_address>0x866c</run_address>
         <size>0x1e</size>
         <input_file_ref idref="fl-7"/>
      </object_component>
      <object_component id="oc-11e">
         <name>.text:ADC_Interrupt</name>
         <load_address>0x868a</load_address>
         <run_address>0x868a</run_address>
         <size>0x1a</size>
         <input_file_ref idref="fl-3"/>
      </object_component>
      <object_component id="oc-67">
         <name>.text:_c_int00_noargs_noexit</name>
         <load_address>0x86a4</load_address>
         <run_address>0x86a4</run_address>
         <size>0x1a</size>
         <input_file_ref idref="fl-26"/>
      </object_component>
      <object_component id="oc-2e1">
         <name>.text:ADC_Start</name>
         <load_address>0x86be</load_address>
         <run_address>0x86be</run_address>
         <size>0x18</size>
         <input_file_ref idref="fl-3"/>
      </object_component>
      <object_component id="oc-113">
         <name>.text:P1_Interrupt</name>
         <load_address>0x86d6</load_address>
         <run_address>0x86d6</run_address>
         <size>0x16</size>
         <input_file_ref idref="fl-5"/>
      </object_component>
      <object_component id="oc-2db">
         <name>.text:ADC_Enable</name>
         <load_address>0x86ec</load_address>
         <run_address>0x86ec</run_address>
         <size>0x14</size>
         <input_file_ref idref="fl-3"/>
      </object_component>
      <object_component id="oc-49">
         <name>.text:decompress:ZI:__TI_zero_init</name>
         <load_address>0x8700</load_address>
         <run_address>0x8700</run_address>
         <size>0x14</size>
         <input_file_ref idref="fl-29"/>
      </object_component>
      <object_component id="oc-1fe">
         <name>.text</name>
         <load_address>0x8714</load_address>
         <run_address>0x8714</run_address>
         <size>0x14</size>
         <input_file_ref idref="fl-3d"/>
      </object_component>
      <object_component id="oc-38">
         <name>.text:decompress:none:__TI_decompress_none</name>
         <load_address>0x8728</load_address>
         <run_address>0x8728</run_address>
         <size>0x12</size>
         <input_file_ref idref="fl-28"/>
      </object_component>
      <object_component id="oc-106">
         <name>.text:memcpy</name>
         <load_address>0x873a</load_address>
         <run_address>0x873a</run_address>
         <size>0x12</size>
         <input_file_ref idref="fl-36"/>
      </object_component>
      <object_component id="oc-239">
         <name>.text:configure_ADC</name>
         <load_address>0x874c</load_address>
         <run_address>0x874c</run_address>
         <size>0x10</size>
         <input_file_ref idref="fl-3"/>
      </object_component>
      <object_component id="oc-f6">
         <name>.text</name>
         <load_address>0x875c</load_address>
         <run_address>0x875c</run_address>
         <size>0x10</size>
         <input_file_ref idref="fl-2a"/>
      </object_component>
      <object_component id="oc-23f">
         <name>.text:calibrate_Temperature</name>
         <load_address>0x876c</load_address>
         <run_address>0x876c</run_address>
         <size>0xa</size>
         <input_file_ref idref="fl-9"/>
      </object_component>
      <object_component id="oc-251">
         <name>.text:set_Timer_Interval</name>
         <load_address>0x8776</load_address>
         <run_address>0x8776</run_address>
         <size>0xa</size>
         <input_file_ref idref="fl-8"/>
      </object_component>
      <object_component id="oc-119">
         <name>.text:_isr:__TI_ISR_TRAP</name>
         <load_address>0x8780</load_address>
         <run_address>0x8780</run_address>
         <size>0x8</size>
         <input_file_ref idref="fl-33"/>
      </object_component>
      <object_component id="oc-165">
         <name>.text:abort</name>
         <load_address>0x8788</load_address>
         <run_address>0x8788</run_address>
         <size>0x6</size>
         <input_file_ref idref="fl-2b"/>
      </object_component>
      <object_component id="oc-271">
         <name>.text:get_Battery_Voltage</name>
         <load_address>0x878e</load_address>
         <run_address>0x878e</run_address>
         <size>0x6</size>
         <input_file_ref idref="fl-a"/>
      </object_component>
      <object_component id="oc-13d">
         <name>.text:_system_pre_init</name>
         <load_address>0x8794</load_address>
         <run_address>0x8794</run_address>
         <size>0x4</size>
         <input_file_ref idref="fl-38"/>
      </object_component>
      <object_component id="oc-1a6">
         <name>.text:_system_post_cinit</name>
         <load_address>0x8798</load_address>
         <run_address>0x8798</run_address>
         <size>0x2</size>
         <input_file_ref idref="fl-3e"/>
      </object_component>
      <object_component id="oc-343">
         <name>.cinit..data.load</name>
         <load_address>0x879a</load_address>
         <run_address>0x879a</run_address>
         <size>0x2a</size>
      </object_component>
      <object_component id="oc-340">
         <name>__TI_handler_table</name>
         <load_address>0x87c4</load_address>
         <run_address>0x87c4</run_address>
         <size>0x6</size>
      </object_component>
      <object_component id="oc-342">
         <name>.cinit..bss.load</name>
         <load_address>0x87ca</load_address>
         <run_address>0x87ca</run_address>
         <size>0x4</size>
      </object_component>
      <object_component id="oc-341">
         <name>__TI_cinit_table</name>
         <load_address>0x87ce</load_address>
         <run_address>0x87ce</run_address>
         <size>0x8</size>
      </object_component>
      <object_component id="oc-30a">
         <name>.binit</name>
         <load_address>0x8000</load_address>
         <run_address>0x8000</run_address>
         <size>0x0</size>
      </object_component>
      <object_component id="oc-3e">
         <name>.int02</name>
         <load_address>0xffe4</load_address>
         <run_address>0xffe4</run_address>
         <size>0x2</size>
         <input_file_ref idref="fl-5"/>
      </object_component>
      <object_component id="oc-3f">
         <name>.int03</name>
         <load_address>0xffe6</load_address>
         <run_address>0xffe6</run_address>
         <size>0x2</size>
         <input_file_ref idref="fl-2d"/>
      </object_component>
      <object_component id="oc-40">
         <name>.int05</name>
         <load_address>0xffea</load_address>
         <run_address>0xffea</run_address>
         <size>0x2</size>
         <input_file_ref idref="fl-3"/>
      </object_component>
      <object_component id="oc-41">
         <name>.int06</name>
         <load_address>0xffec</load_address>
         <run_address>0xffec</run_address>
         <size>0x2</size>
         <input_file_ref idref="fl-4"/>
      </object_component>
      <object_component id="oc-42">
         <name>.int07</name>
         <load_address>0xffee</load_address>
         <run_address>0xffee</run_address>
         <size>0x2</size>
         <input_file_ref idref="fl-4"/>
      </object_component>
      <object_component id="oc-43">
         <name>.int08</name>
         <load_address>0xfff0</load_address>
         <run_address>0xfff0</run_address>
         <size>0x2</size>
         <input_file_ref idref="fl-2e"/>
      </object_component>
      <object_component id="oc-44">
         <name>.int09</name>
         <load_address>0xfff2</load_address>
         <run_address>0xfff2</run_address>
         <size>0x2</size>
         <input_file_ref idref="fl-8"/>
      </object_component>
      <object_component id="oc-45">
         <name>.int10</name>
         <load_address>0xfff4</load_address>
         <run_address>0xfff4</run_address>
         <size>0x2</size>
         <input_file_ref idref="fl-2f"/>
      </object_component>
      <object_component id="oc-46">
         <name>.int12</name>
         <load_address>0xfff8</load_address>
         <run_address>0xfff8</run_address>
         <size>0x2</size>
         <input_file_ref idref="fl-30"/>
      </object_component>
      <object_component id="oc-47">
         <name>.int13</name>
         <load_address>0xfffa</load_address>
         <run_address>0xfffa</run_address>
         <size>0x2</size>
         <input_file_ref idref="fl-31"/>
      </object_component>
      <object_component id="oc-48">
         <name>.int14</name>
         <load_address>0xfffc</load_address>
         <run_address>0xfffc</run_address>
         <size>0x2</size>
         <input_file_ref idref="fl-32"/>
      </object_component>
      <object_component id="oc-eb">
         <name>.reset</name>
         <load_address>0xfffe</load_address>
         <run_address>0xfffe</run_address>
         <size>0x2</size>
         <input_file_ref idref="fl-25"/>
      </object_component>
      <object_component id="oc-234">
         <name>.debug_info</name>
         <load_address>0x0</load_address>
         <run_address>0x0</run_address>
         <size>0xf6</size>
         <input_file_ref idref="fl-2"/>
      </object_component>
      <object_component id="oc-1c9">
         <name>.debug_info</name>
         <load_address>0xf6</load_address>
         <run_address>0xf6</run_address>
         <size>0x201</size>
         <input_file_ref idref="fl-2"/>
      </object_component>
      <object_component id="oc-101">
         <name>.debug_info</name>
         <load_address>0x2f7</load_address>
         <run_address>0x2f7</run_address>
         <size>0x84</size>
         <input_file_ref idref="fl-2"/>
      </object_component>
      <object_component id="oc-1f7">
         <name>.debug_info</name>
         <load_address>0x37b</load_address>
         <run_address>0x37b</run_address>
         <size>0x199</size>
         <input_file_ref idref="fl-3"/>
      </object_component>
      <object_component id="oc-18d">
         <name>.debug_info</name>
         <load_address>0x514</load_address>
         <run_address>0x514</run_address>
         <size>0xd4</size>
         <input_file_ref idref="fl-3"/>
      </object_component>
      <object_component id="oc-23a">
         <name>.debug_info</name>
         <load_address>0x5e8</load_address>
         <run_address>0x5e8</run_address>
         <size>0xf6</size>
         <input_file_ref idref="fl-3"/>
      </object_component>
      <object_component id="oc-2d6">
         <name>.debug_info</name>
         <load_address>0x6de</load_address>
         <run_address>0x6de</run_address>
         <size>0x182</size>
         <input_file_ref idref="fl-3"/>
      </object_component>
      <object_component id="oc-2dc">
         <name>.debug_info</name>
         <load_address>0x860</load_address>
         <run_address>0x860</run_address>
         <size>0xf4</size>
         <input_file_ref idref="fl-3"/>
      </object_component>
      <object_component id="oc-2e3">
         <name>.debug_info</name>
         <load_address>0x954</load_address>
         <run_address>0x954</run_address>
         <size>0x144</size>
         <input_file_ref idref="fl-3"/>
      </object_component>
      <object_component id="oc-11f">
         <name>.debug_info</name>
         <load_address>0xa98</load_address>
         <run_address>0xa98</run_address>
         <size>0xf7</size>
         <input_file_ref idref="fl-3"/>
      </object_component>
      <object_component id="oc-194">
         <name>.debug_info</name>
         <load_address>0xb8f</load_address>
         <run_address>0xb8f</run_address>
         <size>0x1e2</size>
         <input_file_ref idref="fl-4"/>
      </object_component>
      <object_component id="oc-191">
         <name>.debug_info</name>
         <load_address>0xd71</load_address>
         <run_address>0xd71</run_address>
         <size>0x125</size>
         <input_file_ref idref="fl-4"/>
      </object_component>
      <object_component id="oc-12c">
         <name>.debug_info</name>
         <load_address>0xe96</load_address>
         <run_address>0xe96</run_address>
         <size>0x10f</size>
         <input_file_ref idref="fl-4"/>
      </object_component>
      <object_component id="oc-126">
         <name>.debug_info</name>
         <load_address>0xfa5</load_address>
         <run_address>0xfa5</run_address>
         <size>0x10f</size>
         <input_file_ref idref="fl-4"/>
      </object_component>
      <object_component id="oc-249">
         <name>.debug_info</name>
         <load_address>0x10b4</load_address>
         <run_address>0x10b4</run_address>
         <size>0x72</size>
         <input_file_ref idref="fl-4"/>
      </object_component>
      <object_component id="oc-1cf">
         <name>.debug_info</name>
         <load_address>0x1126</load_address>
         <run_address>0x1126</run_address>
         <size>0x5ee</size>
         <input_file_ref idref="fl-5"/>
      </object_component>
      <object_component id="oc-278">
         <name>.debug_info</name>
         <load_address>0x1714</load_address>
         <run_address>0x1714</run_address>
         <size>0xcf</size>
         <input_file_ref idref="fl-5"/>
      </object_component>
      <object_component id="oc-27b">
         <name>.debug_info</name>
         <load_address>0x17e3</load_address>
         <run_address>0x17e3</run_address>
         <size>0xcd</size>
         <input_file_ref idref="fl-5"/>
      </object_component>
      <object_component id="oc-1c3">
         <name>.debug_info</name>
         <load_address>0x18b0</load_address>
         <run_address>0x18b0</run_address>
         <size>0x156</size>
         <input_file_ref idref="fl-5"/>
      </object_component>
      <object_component id="oc-15e">
         <name>.debug_info</name>
         <load_address>0x1a06</load_address>
         <run_address>0x1a06</run_address>
         <size>0x185</size>
         <input_file_ref idref="fl-5"/>
      </object_component>
      <object_component id="oc-1de">
         <name>.debug_info</name>
         <load_address>0x1b8b</load_address>
         <run_address>0x1b8b</run_address>
         <size>0x1df</size>
         <input_file_ref idref="fl-5"/>
      </object_component>
      <object_component id="oc-114">
         <name>.debug_info</name>
         <load_address>0x1d6a</load_address>
         <run_address>0x1d6a</run_address>
         <size>0xf8</size>
         <input_file_ref idref="fl-5"/>
      </object_component>
      <object_component id="oc-2c7">
         <name>.debug_info</name>
         <load_address>0x1e62</load_address>
         <run_address>0x1e62</run_address>
         <size>0xd0</size>
         <input_file_ref idref="fl-5"/>
      </object_component>
      <object_component id="oc-2f7">
         <name>.debug_info</name>
         <load_address>0x1f32</load_address>
         <run_address>0x1f32</run_address>
         <size>0x88</size>
         <input_file_ref idref="fl-5"/>
      </object_component>
      <object_component id="oc-2d0">
         <name>.debug_info</name>
         <load_address>0x1fba</load_address>
         <run_address>0x1fba</run_address>
         <size>0x9c</size>
         <input_file_ref idref="fl-5"/>
      </object_component>
      <object_component id="oc-2eb">
         <name>.debug_info</name>
         <load_address>0x2056</load_address>
         <run_address>0x2056</run_address>
         <size>0x88</size>
         <input_file_ref idref="fl-5"/>
      </object_component>
      <object_component id="oc-2ad">
         <name>.debug_info</name>
         <load_address>0x20de</load_address>
         <run_address>0x20de</run_address>
         <size>0x72</size>
         <input_file_ref idref="fl-5"/>
      </object_component>
      <object_component id="oc-2f1">
         <name>.debug_info</name>
         <load_address>0x2150</load_address>
         <run_address>0x2150</run_address>
         <size>0x1f0</size>
         <input_file_ref idref="fl-6"/>
      </object_component>
      <object_component id="oc-289">
         <name>.debug_info</name>
         <load_address>0x2340</load_address>
         <run_address>0x2340</run_address>
         <size>0xd0</size>
         <input_file_ref idref="fl-6"/>
      </object_component>
      <object_component id="oc-1ea">
         <name>.debug_info</name>
         <load_address>0x2410</load_address>
         <run_address>0x2410</run_address>
         <size>0x139</size>
         <input_file_ref idref="fl-6"/>
      </object_component>
      <object_component id="oc-28c">
         <name>.debug_info</name>
         <load_address>0x2549</load_address>
         <run_address>0x2549</run_address>
         <size>0x1bb</size>
         <input_file_ref idref="fl-6"/>
      </object_component>
      <object_component id="oc-24f">
         <name>.debug_info</name>
         <load_address>0x2704</load_address>
         <run_address>0x2704</run_address>
         <size>0xc0</size>
         <input_file_ref idref="fl-7"/>
      </object_component>
      <object_component id="oc-1d3">
         <name>.debug_info</name>
         <load_address>0x27c4</load_address>
         <run_address>0x27c4</run_address>
         <size>0x162</size>
         <input_file_ref idref="fl-7"/>
      </object_component>
      <object_component id="oc-1d9">
         <name>.debug_info</name>
         <load_address>0x2926</load_address>
         <run_address>0x2926</run_address>
         <size>0x11b</size>
         <input_file_ref idref="fl-7"/>
      </object_component>
      <object_component id="oc-2b3">
         <name>.debug_info</name>
         <load_address>0x2a41</load_address>
         <run_address>0x2a41</run_address>
         <size>0x1f2</size>
         <input_file_ref idref="fl-8"/>
      </object_component>
      <object_component id="oc-19a">
         <name>.debug_info</name>
         <load_address>0x2c33</load_address>
         <run_address>0x2c33</run_address>
         <size>0xf5</size>
         <input_file_ref idref="fl-8"/>
      </object_component>
      <object_component id="oc-22f">
         <name>.debug_info</name>
         <load_address>0x2d28</load_address>
         <run_address>0x2d28</run_address>
         <size>0x11c</size>
         <input_file_ref idref="fl-8"/>
      </object_component>
      <object_component id="oc-131">
         <name>.debug_info</name>
         <load_address>0x2e44</load_address>
         <run_address>0x2e44</run_address>
         <size>0x11b</size>
         <input_file_ref idref="fl-8"/>
      </object_component>
      <object_component id="oc-25f">
         <name>.debug_info</name>
         <load_address>0x2f5f</load_address>
         <run_address>0x2f5f</run_address>
         <size>0x162</size>
         <input_file_ref idref="fl-8"/>
      </object_component>
      <object_component id="oc-252">
         <name>.debug_info</name>
         <load_address>0x30c1</load_address>
         <run_address>0x30c1</run_address>
         <size>0x19c</size>
         <input_file_ref idref="fl-8"/>
      </object_component>
      <object_component id="oc-258">
         <name>.debug_info</name>
         <load_address>0x325d</load_address>
         <run_address>0x325d</run_address>
         <size>0x175</size>
         <input_file_ref idref="fl-8"/>
      </object_component>
      <object_component id="oc-2e8">
         <name>.debug_info</name>
         <load_address>0x33d2</load_address>
         <run_address>0x33d2</run_address>
         <size>0x1ec</size>
         <input_file_ref idref="fl-9"/>
      </object_component>
      <object_component id="oc-27f">
         <name>.debug_info</name>
         <load_address>0x35be</load_address>
         <run_address>0x35be</run_address>
         <size>0xd2</size>
         <input_file_ref idref="fl-9"/>
      </object_component>
      <object_component id="oc-1e6">
         <name>.debug_info</name>
         <load_address>0x3690</load_address>
         <run_address>0x3690</run_address>
         <size>0x136</size>
         <input_file_ref idref="fl-9"/>
      </object_component>
      <object_component id="oc-243">
         <name>.debug_info</name>
         <load_address>0x37c6</load_address>
         <run_address>0x37c6</run_address>
         <size>0x13e</size>
         <input_file_ref idref="fl-9"/>
      </object_component>
      <object_component id="oc-2a8">
         <name>.debug_info</name>
         <load_address>0x3904</load_address>
         <run_address>0x3904</run_address>
         <size>0x1ad</size>
         <input_file_ref idref="fl-9"/>
      </object_component>
      <object_component id="oc-285">
         <name>.debug_info</name>
         <load_address>0x3ab1</load_address>
         <run_address>0x3ab1</run_address>
         <size>0x1a5</size>
         <input_file_ref idref="fl-9"/>
      </object_component>
      <object_component id="oc-2fd">
         <name>.debug_info</name>
         <load_address>0x3c56</load_address>
         <run_address>0x3c56</run_address>
         <size>0x1f0</size>
         <input_file_ref idref="fl-a"/>
      </object_component>
      <object_component id="oc-2c1">
         <name>.debug_info</name>
         <load_address>0x3e46</load_address>
         <run_address>0x3e46</run_address>
         <size>0xde</size>
         <input_file_ref idref="fl-a"/>
      </object_component>
      <object_component id="oc-2b7">
         <name>.debug_info</name>
         <load_address>0x3f24</load_address>
         <run_address>0x3f24</run_address>
         <size>0xde</size>
         <input_file_ref idref="fl-a"/>
      </object_component>
      <object_component id="oc-26f">
         <name>.debug_info</name>
         <load_address>0x4002</load_address>
         <run_address>0x4002</run_address>
         <size>0x146</size>
         <input_file_ref idref="fl-a"/>
      </object_component>
      <object_component id="oc-269">
         <name>.debug_info</name>
         <load_address>0x4148</load_address>
         <run_address>0x4148</run_address>
         <size>0x146</size>
         <input_file_ref idref="fl-a"/>
      </object_component>
      <object_component id="oc-2bd">
         <name>.debug_info</name>
         <load_address>0x428e</load_address>
         <run_address>0x428e</run_address>
         <size>0x1b9</size>
         <input_file_ref idref="fl-a"/>
      </object_component>
      <object_component id="oc-275">
         <name>.debug_info</name>
         <load_address>0x4447</load_address>
         <run_address>0x4447</run_address>
         <size>0x12a</size>
         <input_file_ref idref="fl-a"/>
      </object_component>
      <object_component id="oc-e9">
         <name>.debug_info</name>
         <load_address>0x4571</load_address>
         <run_address>0x4571</run_address>
         <size>0xf5</size>
         <input_file_ref idref="fl-25"/>
      </object_component>
      <object_component id="oc-6a">
         <name>.debug_info</name>
         <load_address>0x4666</load_address>
         <run_address>0x4666</run_address>
         <size>0x196</size>
         <input_file_ref idref="fl-26"/>
      </object_component>
      <object_component id="oc-17b">
         <name>.debug_info</name>
         <load_address>0x47fc</load_address>
         <run_address>0x47fc</run_address>
         <size>0x16b</size>
         <input_file_ref idref="fl-27"/>
      </object_component>
      <object_component id="oc-33">
         <name>.debug_info</name>
         <load_address>0x4967</load_address>
         <run_address>0x4967</run_address>
         <size>0x287</size>
         <input_file_ref idref="fl-27"/>
      </object_component>
      <object_component id="oc-fc">
         <name>.debug_info</name>
         <load_address>0x4bee</load_address>
         <run_address>0x4bee</run_address>
         <size>0x60</size>
         <input_file_ref idref="fl-27"/>
      </object_component>
      <object_component id="oc-176">
         <name>.debug_info</name>
         <load_address>0x4c4e</load_address>
         <run_address>0x4c4e</run_address>
         <size>0x46</size>
         <input_file_ref idref="fl-27"/>
      </object_component>
      <object_component id="oc-112">
         <name>.debug_info</name>
         <load_address>0x4c94</load_address>
         <run_address>0x4c94</run_address>
         <size>0x1b2</size>
         <input_file_ref idref="fl-28"/>
      </object_component>
      <object_component id="oc-3c">
         <name>.debug_info</name>
         <load_address>0x4e46</load_address>
         <run_address>0x4e46</run_address>
         <size>0x1df</size>
         <input_file_ref idref="fl-28"/>
      </object_component>
      <object_component id="oc-10d">
         <name>.debug_info</name>
         <load_address>0x5025</load_address>
         <run_address>0x5025</run_address>
         <size>0x46</size>
         <input_file_ref idref="fl-28"/>
      </object_component>
      <object_component id="oc-183">
         <name>.debug_info</name>
         <load_address>0x506b</load_address>
         <run_address>0x506b</run_address>
         <size>0x2c</size>
         <input_file_ref idref="fl-28"/>
      </object_component>
      <object_component id="oc-13c">
         <name>.debug_info</name>
         <load_address>0x5097</load_address>
         <run_address>0x5097</run_address>
         <size>0x16a</size>
         <input_file_ref idref="fl-29"/>
      </object_component>
      <object_component id="oc-4b">
         <name>.debug_info</name>
         <load_address>0x5201</load_address>
         <run_address>0x5201</run_address>
         <size>0x1b5</size>
         <input_file_ref idref="fl-29"/>
      </object_component>
      <object_component id="oc-137">
         <name>.debug_info</name>
         <load_address>0x53b6</load_address>
         <run_address>0x53b6</run_address>
         <size>0x46</size>
         <input_file_ref idref="fl-29"/>
      </object_component>
      <object_component id="oc-17e">
         <name>.debug_info</name>
         <load_address>0x53fc</load_address>
         <run_address>0x53fc</run_address>
         <size>0x2c</size>
         <input_file_ref idref="fl-29"/>
      </object_component>
      <object_component id="oc-f9">
         <name>.debug_info</name>
         <load_address>0x5428</load_address>
         <run_address>0x5428</run_address>
         <size>0x126</size>
         <input_file_ref idref="fl-2a"/>
      </object_component>
      <object_component id="oc-167">
         <name>.debug_info</name>
         <load_address>0x554e</load_address>
         <run_address>0x554e</run_address>
         <size>0x117</size>
         <input_file_ref idref="fl-2b"/>
      </object_component>
      <object_component id="oc-11a">
         <name>.debug_info</name>
         <load_address>0x5665</load_address>
         <run_address>0x5665</run_address>
         <size>0x107</size>
         <input_file_ref idref="fl-33"/>
      </object_component>
      <object_component id="oc-ee">
         <name>.debug_info</name>
         <load_address>0x576c</load_address>
         <run_address>0x576c</run_address>
         <size>0x118</size>
         <input_file_ref idref="fl-34"/>
      </object_component>
      <object_component id="oc-f2">
         <name>.debug_info</name>
         <load_address>0x5884</load_address>
         <run_address>0x5884</run_address>
         <size>0x118</size>
         <input_file_ref idref="fl-35"/>
      </object_component>
      <object_component id="oc-17d">
         <name>.debug_info</name>
         <load_address>0x599c</load_address>
         <run_address>0x599c</run_address>
         <size>0x16d</size>
         <input_file_ref idref="fl-36"/>
      </object_component>
      <object_component id="oc-108">
         <name>.debug_info</name>
         <load_address>0x5b09</load_address>
         <run_address>0x5b09</run_address>
         <size>0x191</size>
         <input_file_ref idref="fl-36"/>
      </object_component>
      <object_component id="oc-13e">
         <name>.debug_info</name>
         <load_address>0x5c9a</load_address>
         <run_address>0x5c9a</run_address>
         <size>0x148</size>
         <input_file_ref idref="fl-38"/>
      </object_component>
      <object_component id="oc-1ad">
         <name>.debug_info</name>
         <load_address>0x5de2</load_address>
         <run_address>0x5de2</run_address>
         <size>0x3b6</size>
         <input_file_ref idref="fl-3b"/>
      </object_component>
      <object_component id="oc-145">
         <name>.debug_info</name>
         <load_address>0x6198</load_address>
         <run_address>0x6198</run_address>
         <size>0x1c2</size>
         <input_file_ref idref="fl-3b"/>
      </object_component>
      <object_component id="oc-208">
         <name>.debug_info</name>
         <load_address>0x635a</load_address>
         <run_address>0x635a</run_address>
         <size>0x39</size>
         <input_file_ref idref="fl-3b"/>
      </object_component>
      <object_component id="oc-20d">
         <name>.debug_info</name>
         <load_address>0x6393</load_address>
         <run_address>0x6393</run_address>
         <size>0xcd</size>
         <input_file_ref idref="fl-3b"/>
      </object_component>
      <object_component id="oc-204">
         <name>.debug_info</name>
         <load_address>0x6460</load_address>
         <run_address>0x6460</run_address>
         <size>0x252</size>
         <input_file_ref idref="fl-3c"/>
      </object_component>
      <object_component id="oc-1a2">
         <name>.debug_info</name>
         <load_address>0x66b2</load_address>
         <run_address>0x66b2</run_address>
         <size>0x1b0</size>
         <input_file_ref idref="fl-3c"/>
      </object_component>
      <object_component id="oc-297">
         <name>.debug_info</name>
         <load_address>0x6862</load_address>
         <run_address>0x6862</run_address>
         <size>0x2c</size>
         <input_file_ref idref="fl-3c"/>
      </object_component>
      <object_component id="oc-1ff">
         <name>.debug_info</name>
         <load_address>0x688e</load_address>
         <run_address>0x688e</run_address>
         <size>0x119</size>
         <input_file_ref idref="fl-3d"/>
      </object_component>
      <object_component id="oc-1a7">
         <name>.debug_info</name>
         <load_address>0x69a7</load_address>
         <run_address>0x69a7</run_address>
         <size>0x145</size>
         <input_file_ref idref="fl-3e"/>
      </object_component>
      <object_component id="oc-345">
         <name>.debug_info</name>
         <load_address>0x6aec</load_address>
         <run_address>0x6aec</run_address>
         <size>0x97</size>
      </object_component>
      <object_component id="oc-237">
         <name>.debug_line</name>
         <load_address>0x0</load_address>
         <run_address>0x0</run_address>
         <size>0x4a</size>
         <input_file_ref idref="fl-2"/>
      </object_component>
      <object_component id="oc-1cc">
         <name>.debug_line</name>
         <load_address>0x4a</load_address>
         <run_address>0x4a</run_address>
         <size>0x5f</size>
         <input_file_ref idref="fl-2"/>
      </object_component>
      <object_component id="oc-104">
         <name>.debug_line</name>
         <load_address>0xa9</load_address>
         <run_address>0xa9</run_address>
         <size>0x20</size>
         <input_file_ref idref="fl-2"/>
      </object_component>
      <object_component id="oc-293">
         <name>.debug_line</name>
         <load_address>0xc9</load_address>
         <run_address>0xc9</run_address>
         <size>0x55</size>
         <input_file_ref idref="fl-3"/>
      </object_component>
      <object_component id="oc-1f6">
         <name>.debug_line</name>
         <load_address>0x11e</load_address>
         <run_address>0x11e</run_address>
         <size>0x2c</size>
         <input_file_ref idref="fl-3"/>
      </object_component>
      <object_component id="oc-23d">
         <name>.debug_line</name>
         <load_address>0x14a</load_address>
         <run_address>0x14a</run_address>
         <size>0x41</size>
         <input_file_ref idref="fl-3"/>
      </object_component>
      <object_component id="oc-2d9">
         <name>.debug_line</name>
         <load_address>0x18b</load_address>
         <run_address>0x18b</run_address>
         <size>0x4d</size>
         <input_file_ref idref="fl-3"/>
      </object_component>
      <object_component id="oc-2df">
         <name>.debug_line</name>
         <load_address>0x1d8</load_address>
         <run_address>0x1d8</run_address>
         <size>0x47</size>
         <input_file_ref idref="fl-3"/>
      </object_component>
      <object_component id="oc-2e2">
         <name>.debug_line</name>
         <load_address>0x21f</load_address>
         <run_address>0x21f</run_address>
         <size>0x48</size>
         <input_file_ref idref="fl-3"/>
      </object_component>
      <object_component id="oc-122">
         <name>.debug_line</name>
         <load_address>0x267</load_address>
         <run_address>0x267</run_address>
         <size>0x44</size>
         <input_file_ref idref="fl-3"/>
      </object_component>
      <object_component id="oc-1fb">
         <name>.debug_line</name>
         <load_address>0x2ab</load_address>
         <run_address>0x2ab</run_address>
         <size>0x67</size>
         <input_file_ref idref="fl-4"/>
      </object_component>
      <object_component id="oc-1f9">
         <name>.debug_line</name>
         <load_address>0x312</load_address>
         <run_address>0x312</run_address>
         <size>0x32</size>
         <input_file_ref idref="fl-4"/>
      </object_component>
      <object_component id="oc-12b">
         <name>.debug_line</name>
         <load_address>0x344</load_address>
         <run_address>0x344</run_address>
         <size>0x4a</size>
         <input_file_ref idref="fl-4"/>
      </object_component>
      <object_component id="oc-125">
         <name>.debug_line</name>
         <load_address>0x38e</load_address>
         <run_address>0x38e</run_address>
         <size>0x4d</size>
         <input_file_ref idref="fl-4"/>
      </object_component>
      <object_component id="oc-24c">
         <name>.debug_line</name>
         <load_address>0x3db</load_address>
         <run_address>0x3db</run_address>
         <size>0x34</size>
         <input_file_ref idref="fl-4"/>
      </object_component>
      <object_component id="oc-248">
         <name>.debug_line</name>
         <load_address>0x40f</load_address>
         <run_address>0x40f</run_address>
         <size>0x12c</size>
         <input_file_ref idref="fl-5"/>
      </object_component>
      <object_component id="oc-2c6">
         <name>.debug_line</name>
         <load_address>0x53b</load_address>
         <run_address>0x53b</run_address>
         <size>0x2d</size>
         <input_file_ref idref="fl-5"/>
      </object_component>
      <object_component id="oc-2cd">
         <name>.debug_line</name>
         <load_address>0x568</load_address>
         <run_address>0x568</run_address>
         <size>0x2d</size>
         <input_file_ref idref="fl-5"/>
      </object_component>
      <object_component id="oc-1c6">
         <name>.debug_line</name>
         <load_address>0x595</load_address>
         <run_address>0x595</run_address>
         <size>0x55</size>
         <input_file_ref idref="fl-5"/>
      </object_component>
      <object_component id="oc-161">
         <name>.debug_line</name>
         <load_address>0x5ea</load_address>
         <run_address>0x5ea</run_address>
         <size>0x4b</size>
         <input_file_ref idref="fl-5"/>
      </object_component>
      <object_component id="oc-1e1">
         <name>.debug_line</name>
         <load_address>0x635</load_address>
         <run_address>0x635</run_address>
         <size>0x6e</size>
         <input_file_ref idref="fl-5"/>
      </object_component>
      <object_component id="oc-117">
         <name>.debug_line</name>
         <load_address>0x6a3</load_address>
         <run_address>0x6a3</run_address>
         <size>0x4a</size>
         <input_file_ref idref="fl-5"/>
      </object_component>
      <object_component id="oc-2ca">
         <name>.debug_line</name>
         <load_address>0x6ed</load_address>
         <run_address>0x6ed</run_address>
         <size>0x2d</size>
         <input_file_ref idref="fl-5"/>
      </object_component>
      <object_component id="oc-2fa">
         <name>.debug_line</name>
         <load_address>0x71a</load_address>
         <run_address>0x71a</run_address>
         <size>0x38</size>
         <input_file_ref idref="fl-5"/>
      </object_component>
      <object_component id="oc-2d3">
         <name>.debug_line</name>
         <load_address>0x752</load_address>
         <run_address>0x752</run_address>
         <size>0x34</size>
         <input_file_ref idref="fl-5"/>
      </object_component>
      <object_component id="oc-2ee">
         <name>.debug_line</name>
         <load_address>0x786</load_address>
         <run_address>0x786</run_address>
         <size>0x38</size>
         <input_file_ref idref="fl-5"/>
      </object_component>
      <object_component id="oc-2b0">
         <name>.debug_line</name>
         <load_address>0x7be</load_address>
         <run_address>0x7be</run_address>
         <size>0x2e</size>
         <input_file_ref idref="fl-5"/>
      </object_component>
      <object_component id="oc-306">
         <name>.debug_line</name>
         <load_address>0x7ec</load_address>
         <run_address>0x7ec</run_address>
         <size>0x39</size>
         <input_file_ref idref="fl-6"/>
      </object_component>
      <object_component id="oc-2ea">
         <name>.debug_line</name>
         <load_address>0x825</load_address>
         <run_address>0x825</run_address>
         <size>0x38</size>
         <input_file_ref idref="fl-6"/>
      </object_component>
      <object_component id="oc-1ee">
         <name>.debug_line</name>
         <load_address>0x85d</load_address>
         <run_address>0x85d</run_address>
         <size>0x5b</size>
         <input_file_ref idref="fl-6"/>
      </object_component>
      <object_component id="oc-290">
         <name>.debug_line</name>
         <load_address>0x8b8</load_address>
         <run_address>0x8b8</run_address>
         <size>0x59</size>
         <input_file_ref idref="fl-6"/>
      </object_component>
      <object_component id="oc-2ac">
         <name>.debug_line</name>
         <load_address>0x911</load_address>
         <run_address>0x911</run_address>
         <size>0x2e</size>
         <input_file_ref idref="fl-7"/>
      </object_component>
      <object_component id="oc-1d6">
         <name>.debug_line</name>
         <load_address>0x93f</load_address>
         <run_address>0x93f</run_address>
         <size>0x48</size>
         <input_file_ref idref="fl-7"/>
      </object_component>
      <object_component id="oc-1d8">
         <name>.debug_line</name>
         <load_address>0x987</load_address>
         <run_address>0x987</run_address>
         <size>0x48</size>
         <input_file_ref idref="fl-7"/>
      </object_component>
      <object_component id="oc-2f4">
         <name>.debug_line</name>
         <load_address>0x9cf</load_address>
         <run_address>0x9cf</run_address>
         <size>0x55</size>
         <input_file_ref idref="fl-8"/>
      </object_component>
      <object_component id="oc-1fd">
         <name>.debug_line</name>
         <load_address>0xa24</load_address>
         <run_address>0xa24</run_address>
         <size>0x34</size>
         <input_file_ref idref="fl-8"/>
      </object_component>
      <object_component id="oc-22e">
         <name>.debug_line</name>
         <load_address>0xa58</load_address>
         <run_address>0xa58</run_address>
         <size>0x4b</size>
         <input_file_ref idref="fl-8"/>
      </object_component>
      <object_component id="oc-134">
         <name>.debug_line</name>
         <load_address>0xaa3</load_address>
         <run_address>0xaa3</run_address>
         <size>0x4f</size>
         <input_file_ref idref="fl-8"/>
      </object_component>
      <object_component id="oc-263">
         <name>.debug_line</name>
         <load_address>0xaf2</load_address>
         <run_address>0xaf2</run_address>
         <size>0x56</size>
         <input_file_ref idref="fl-8"/>
      </object_component>
      <object_component id="oc-255">
         <name>.debug_line</name>
         <load_address>0xb48</load_address>
         <run_address>0xb48</run_address>
         <size>0x4a</size>
         <input_file_ref idref="fl-8"/>
      </object_component>
      <object_component id="oc-25c">
         <name>.debug_line</name>
         <load_address>0xb92</load_address>
         <run_address>0xb92</run_address>
         <size>0x53</size>
         <input_file_ref idref="fl-8"/>
      </object_component>
      <object_component id="oc-304">
         <name>.debug_line</name>
         <load_address>0xbe5</load_address>
         <run_address>0xbe5</run_address>
         <size>0x39</size>
         <input_file_ref idref="fl-9"/>
      </object_component>
      <object_component id="oc-2cf">
         <name>.debug_line</name>
         <load_address>0xc1e</load_address>
         <run_address>0xc1e</run_address>
         <size>0x34</size>
         <input_file_ref idref="fl-9"/>
      </object_component>
      <object_component id="oc-1e8">
         <name>.debug_line</name>
         <load_address>0xc52</load_address>
         <run_address>0xc52</run_address>
         <size>0x55</size>
         <input_file_ref idref="fl-9"/>
      </object_component>
      <object_component id="oc-241">
         <name>.debug_line</name>
         <load_address>0xca7</load_address>
         <run_address>0xca7</run_address>
         <size>0x47</size>
         <input_file_ref idref="fl-9"/>
      </object_component>
      <object_component id="oc-2a5">
         <name>.debug_line</name>
         <load_address>0xcee</load_address>
         <run_address>0xcee</run_address>
         <size>0x54</size>
         <input_file_ref idref="fl-9"/>
      </object_component>
      <object_component id="oc-284">
         <name>.debug_line</name>
         <load_address>0xd42</load_address>
         <run_address>0xd42</run_address>
         <size>0x55</size>
         <input_file_ref idref="fl-9"/>
      </object_component>
      <object_component id="oc-308">
         <name>.debug_line</name>
         <load_address>0xd97</load_address>
         <run_address>0xd97</run_address>
         <size>0x39</size>
         <input_file_ref idref="fl-a"/>
      </object_component>
      <object_component id="oc-2ff">
         <name>.debug_line</name>
         <load_address>0xdd0</load_address>
         <run_address>0xdd0</run_address>
         <size>0x38</size>
         <input_file_ref idref="fl-a"/>
      </object_component>
      <object_component id="oc-2f6">
         <name>.debug_line</name>
         <load_address>0xe08</load_address>
         <run_address>0xe08</run_address>
         <size>0x38</size>
         <input_file_ref idref="fl-a"/>
      </object_component>
      <object_component id="oc-26c">
         <name>.debug_line</name>
         <load_address>0xe40</load_address>
         <run_address>0xe40</run_address>
         <size>0x57</size>
         <input_file_ref idref="fl-a"/>
      </object_component>
      <object_component id="oc-266">
         <name>.debug_line</name>
         <load_address>0xe97</load_address>
         <run_address>0xe97</run_address>
         <size>0x5b</size>
         <input_file_ref idref="fl-a"/>
      </object_component>
      <object_component id="oc-2ba">
         <name>.debug_line</name>
         <load_address>0xef2</load_address>
         <run_address>0xef2</run_address>
         <size>0x59</size>
         <input_file_ref idref="fl-a"/>
      </object_component>
      <object_component id="oc-274">
         <name>.debug_line</name>
         <load_address>0xf4b</load_address>
         <run_address>0xf4b</run_address>
         <size>0x4b</size>
         <input_file_ref idref="fl-a"/>
      </object_component>
      <object_component id="oc-172">
         <name>.debug_line</name>
         <load_address>0xf96</load_address>
         <run_address>0xf96</run_address>
         <size>0x2a</size>
         <input_file_ref idref="fl-25"/>
      </object_component>
      <object_component id="oc-69">
         <name>.debug_line</name>
         <load_address>0xfc0</load_address>
         <run_address>0xfc0</run_address>
         <size>0x4c</size>
         <input_file_ref idref="fl-26"/>
      </object_component>
      <object_component id="oc-1f2">
         <name>.debug_line</name>
         <load_address>0x100c</load_address>
         <run_address>0x100c</run_address>
         <size>0x20</size>
         <input_file_ref idref="fl-27"/>
      </object_component>
      <object_component id="oc-36">
         <name>.debug_line</name>
         <load_address>0x102c</load_address>
         <run_address>0x102c</run_address>
         <size>0x92</size>
         <input_file_ref idref="fl-27"/>
      </object_component>
      <object_component id="oc-ff">
         <name>.debug_line</name>
         <load_address>0x10be</load_address>
         <run_address>0x10be</run_address>
         <size>0x3a</size>
         <input_file_ref idref="fl-27"/>
      </object_component>
      <object_component id="oc-179">
         <name>.debug_line</name>
         <load_address>0x10f8</load_address>
         <run_address>0x10f8</run_address>
         <size>0x8a</size>
         <input_file_ref idref="fl-27"/>
      </object_component>
      <object_component id="oc-189">
         <name>.debug_line</name>
         <load_address>0x1182</load_address>
         <run_address>0x1182</run_address>
         <size>0x8a</size>
         <input_file_ref idref="fl-28"/>
      </object_component>
      <object_component id="oc-3b">
         <name>.debug_line</name>
         <load_address>0x120c</load_address>
         <run_address>0x120c</run_address>
         <size>0x50</size>
         <input_file_ref idref="fl-28"/>
      </object_component>
      <object_component id="oc-110">
         <name>.debug_line</name>
         <load_address>0x125c</load_address>
         <run_address>0x125c</run_address>
         <size>0x3a</size>
         <input_file_ref idref="fl-28"/>
      </object_component>
      <object_component id="oc-186">
         <name>.debug_line</name>
         <load_address>0x1296</load_address>
         <run_address>0x1296</run_address>
         <size>0x8a</size>
         <input_file_ref idref="fl-28"/>
      </object_component>
      <object_component id="oc-19e">
         <name>.debug_line</name>
         <load_address>0x1320</load_address>
         <run_address>0x1320</run_address>
         <size>0x20</size>
         <input_file_ref idref="fl-29"/>
      </object_component>
      <object_component id="oc-4e">
         <name>.debug_line</name>
         <load_address>0x1340</load_address>
         <run_address>0x1340</run_address>
         <size>0x4d</size>
         <input_file_ref idref="fl-29"/>
      </object_component>
      <object_component id="oc-13a">
         <name>.debug_line</name>
         <load_address>0x138d</load_address>
         <run_address>0x138d</run_address>
         <size>0x34</size>
         <input_file_ref idref="fl-29"/>
      </object_component>
      <object_component id="oc-181">
         <name>.debug_line</name>
         <load_address>0x13c1</load_address>
         <run_address>0x13c1</run_address>
         <size>0x8a</size>
         <input_file_ref idref="fl-29"/>
      </object_component>
      <object_component id="oc-f7">
         <name>.debug_line</name>
         <load_address>0x144b</load_address>
         <run_address>0x144b</run_address>
         <size>0x40</size>
         <input_file_ref idref="fl-2a"/>
      </object_component>
      <object_component id="oc-169">
         <name>.debug_line</name>
         <load_address>0x148b</load_address>
         <run_address>0x148b</run_address>
         <size>0x3d</size>
         <input_file_ref idref="fl-2b"/>
      </object_component>
      <object_component id="oc-11d">
         <name>.debug_line</name>
         <load_address>0x14c8</load_address>
         <run_address>0x14c8</run_address>
         <size>0x3d</size>
         <input_file_ref idref="fl-33"/>
      </object_component>
      <object_component id="oc-f0">
         <name>.debug_line</name>
         <load_address>0x1505</load_address>
         <run_address>0x1505</run_address>
         <size>0x4e</size>
         <input_file_ref idref="fl-34"/>
      </object_component>
      <object_component id="oc-f5">
         <name>.debug_line</name>
         <load_address>0x1553</load_address>
         <run_address>0x1553</run_address>
         <size>0x5e</size>
         <input_file_ref idref="fl-35"/>
      </object_component>
      <object_component id="oc-1f4">
         <name>.debug_line</name>
         <load_address>0x15b1</load_address>
         <run_address>0x15b1</run_address>
         <size>0x20</size>
         <input_file_ref idref="fl-36"/>
      </object_component>
      <object_component id="oc-10b">
         <name>.debug_line</name>
         <load_address>0x15d1</load_address>
         <run_address>0x15d1</run_address>
         <size>0x45</size>
         <input_file_ref idref="fl-36"/>
      </object_component>
      <object_component id="oc-142">
         <name>.debug_line</name>
         <load_address>0x1616</load_address>
         <run_address>0x1616</run_address>
         <size>0x3e</size>
         <input_file_ref idref="fl-38"/>
      </object_component>
      <object_component id="oc-207">
         <name>.debug_line</name>
         <load_address>0x1654</load_address>
         <run_address>0x1654</run_address>
         <size>0xa9</size>
         <input_file_ref idref="fl-3b"/>
      </object_component>
      <object_component id="oc-144">
         <name>.debug_line</name>
         <load_address>0x16fd</load_address>
         <run_address>0x16fd</run_address>
         <size>0x91</size>
         <input_file_ref idref="fl-3b"/>
      </object_component>
      <object_component id="oc-20b">
         <name>.debug_line</name>
         <load_address>0x178e</load_address>
         <run_address>0x178e</run_address>
         <size>0x2e</size>
         <input_file_ref idref="fl-3b"/>
      </object_component>
      <object_component id="oc-210">
         <name>.debug_line</name>
         <load_address>0x17bc</load_address>
         <run_address>0x17bc</run_address>
         <size>0x8b</size>
         <input_file_ref idref="fl-3b"/>
      </object_component>
      <object_component id="oc-296">
         <name>.debug_line</name>
         <load_address>0x1847</load_address>
         <run_address>0x1847</run_address>
         <size>0x98</size>
         <input_file_ref idref="fl-3c"/>
      </object_component>
      <object_component id="oc-1a1">
         <name>.debug_line</name>
         <load_address>0x18df</load_address>
         <run_address>0x18df</run_address>
         <size>0x5f</size>
         <input_file_ref idref="fl-3c"/>
      </object_component>
      <object_component id="oc-29a">
         <name>.debug_line</name>
         <load_address>0x193e</load_address>
         <run_address>0x193e</run_address>
         <size>0x2e</size>
         <input_file_ref idref="fl-3c"/>
      </object_component>
      <object_component id="oc-202">
         <name>.debug_line</name>
         <load_address>0x196c</load_address>
         <run_address>0x196c</run_address>
         <size>0x42</size>
         <input_file_ref idref="fl-3d"/>
      </object_component>
      <object_component id="oc-1aa">
         <name>.debug_line</name>
         <load_address>0x19ae</load_address>
         <run_address>0x19ae</run_address>
         <size>0x3a</size>
         <input_file_ref idref="fl-3e"/>
      </object_component>
      <object_component id="oc-238">
         <name>.debug_frame</name>
         <load_address>0x0</load_address>
         <run_address>0x0</run_address>
         <size>0x39</size>
         <input_file_ref idref="fl-2"/>
      </object_component>
      <object_component id="oc-1cd">
         <name>.debug_frame</name>
         <load_address>0x39</load_address>
         <run_address>0x39</run_address>
         <size>0x39</size>
         <input_file_ref idref="fl-2"/>
      </object_component>
      <object_component id="oc-23e">
         <name>.debug_frame</name>
         <load_address>0x72</load_address>
         <run_address>0x72</run_address>
         <size>0x39</size>
         <input_file_ref idref="fl-3"/>
      </object_component>
      <object_component id="oc-2da">
         <name>.debug_frame</name>
         <load_address>0xab</load_address>
         <run_address>0xab</run_address>
         <size>0x39</size>
         <input_file_ref idref="fl-3"/>
      </object_component>
      <object_component id="oc-2e0">
         <name>.debug_frame</name>
         <load_address>0xe4</load_address>
         <run_address>0xe4</run_address>
         <size>0x39</size>
         <input_file_ref idref="fl-3"/>
      </object_component>
      <object_component id="oc-2e6">
         <name>.debug_frame</name>
         <load_address>0x11d</load_address>
         <run_address>0x11d</run_address>
         <size>0x39</size>
         <input_file_ref idref="fl-3"/>
      </object_component>
      <object_component id="oc-123">
         <name>.debug_frame</name>
         <load_address>0x156</load_address>
         <run_address>0x156</run_address>
         <size>0x41</size>
         <input_file_ref idref="fl-3"/>
      </object_component>
      <object_component id="oc-12f">
         <name>.debug_frame</name>
         <load_address>0x197</load_address>
         <run_address>0x197</run_address>
         <size>0x41</size>
         <input_file_ref idref="fl-4"/>
      </object_component>
      <object_component id="oc-129">
         <name>.debug_frame</name>
         <load_address>0x1d8</load_address>
         <run_address>0x1d8</run_address>
         <size>0x41</size>
         <input_file_ref idref="fl-4"/>
      </object_component>
      <object_component id="oc-1c7">
         <name>.debug_frame</name>
         <load_address>0x219</load_address>
         <run_address>0x219</run_address>
         <size>0x3a</size>
         <input_file_ref idref="fl-5"/>
      </object_component>
      <object_component id="oc-162">
         <name>.debug_frame</name>
         <load_address>0x253</load_address>
         <run_address>0x253</run_address>
         <size>0x39</size>
         <input_file_ref idref="fl-5"/>
      </object_component>
      <object_component id="oc-1e2">
         <name>.debug_frame</name>
         <load_address>0x28c</load_address>
         <run_address>0x28c</run_address>
         <size>0x42</size>
         <input_file_ref idref="fl-5"/>
      </object_component>
      <object_component id="oc-118">
         <name>.debug_frame</name>
         <load_address>0x2ce</load_address>
         <run_address>0x2ce</run_address>
         <size>0x39</size>
         <input_file_ref idref="fl-5"/>
      </object_component>
      <object_component id="oc-1ed">
         <name>.debug_frame</name>
         <load_address>0x307</load_address>
         <run_address>0x307</run_address>
         <size>0x39</size>
         <input_file_ref idref="fl-6"/>
      </object_component>
      <object_component id="oc-28f">
         <name>.debug_frame</name>
         <load_address>0x340</load_address>
         <run_address>0x340</run_address>
         <size>0x42</size>
         <input_file_ref idref="fl-6"/>
      </object_component>
      <object_component id="oc-1d2">
         <name>.debug_frame</name>
         <load_address>0x382</load_address>
         <run_address>0x382</run_address>
         <size>0x39</size>
         <input_file_ref idref="fl-7"/>
      </object_component>
      <object_component id="oc-1dc">
         <name>.debug_frame</name>
         <load_address>0x3bb</load_address>
         <run_address>0x3bb</run_address>
         <size>0x39</size>
         <input_file_ref idref="fl-7"/>
      </object_component>
      <object_component id="oc-232">
         <name>.debug_frame</name>
         <load_address>0x3f4</load_address>
         <run_address>0x3f4</run_address>
         <size>0x39</size>
         <input_file_ref idref="fl-8"/>
      </object_component>
      <object_component id="oc-135">
         <name>.debug_frame</name>
         <load_address>0x42d</load_address>
         <run_address>0x42d</run_address>
         <size>0x39</size>
         <input_file_ref idref="fl-8"/>
      </object_component>
      <object_component id="oc-262">
         <name>.debug_frame</name>
         <load_address>0x466</load_address>
         <run_address>0x466</run_address>
         <size>0x39</size>
         <input_file_ref idref="fl-8"/>
      </object_component>
      <object_component id="oc-256">
         <name>.debug_frame</name>
         <load_address>0x49f</load_address>
         <run_address>0x49f</run_address>
         <size>0x39</size>
         <input_file_ref idref="fl-8"/>
      </object_component>
      <object_component id="oc-25b">
         <name>.debug_frame</name>
         <load_address>0x4d8</load_address>
         <run_address>0x4d8</run_address>
         <size>0x39</size>
         <input_file_ref idref="fl-8"/>
      </object_component>
      <object_component id="oc-1e5">
         <name>.debug_frame</name>
         <load_address>0x511</load_address>
         <run_address>0x511</run_address>
         <size>0x39</size>
         <input_file_ref idref="fl-9"/>
      </object_component>
      <object_component id="oc-240">
         <name>.debug_frame</name>
         <load_address>0x54a</load_address>
         <run_address>0x54a</run_address>
         <size>0x39</size>
         <input_file_ref idref="fl-9"/>
      </object_component>
      <object_component id="oc-2a6">
         <name>.debug_frame</name>
         <load_address>0x583</load_address>
         <run_address>0x583</run_address>
         <size>0x42</size>
         <input_file_ref idref="fl-9"/>
      </object_component>
      <object_component id="oc-282">
         <name>.debug_frame</name>
         <load_address>0x5c5</load_address>
         <run_address>0x5c5</run_address>
         <size>0x42</size>
         <input_file_ref idref="fl-9"/>
      </object_component>
      <object_component id="oc-26d">
         <name>.debug_frame</name>
         <load_address>0x607</load_address>
         <run_address>0x607</run_address>
         <size>0x39</size>
         <input_file_ref idref="fl-a"/>
      </object_component>
      <object_component id="oc-267">
         <name>.debug_frame</name>
         <load_address>0x640</load_address>
         <run_address>0x640</run_address>
         <size>0x39</size>
         <input_file_ref idref="fl-a"/>
      </object_component>
      <object_component id="oc-2bb">
         <name>.debug_frame</name>
         <load_address>0x679</load_address>
         <run_address>0x679</run_address>
         <size>0x42</size>
         <input_file_ref idref="fl-a"/>
      </object_component>
      <object_component id="oc-273">
         <name>.debug_frame</name>
         <load_address>0x6bb</load_address>
         <run_address>0x6bb</run_address>
         <size>0x39</size>
         <input_file_ref idref="fl-a"/>
      </object_component>
      <object_component id="oc-6c">
         <name>.debug_frame</name>
         <load_address>0x6f4</load_address>
         <run_address>0x6f4</run_address>
         <size>0x34</size>
         <input_file_ref idref="fl-26"/>
      </object_component>
      <object_component id="oc-37">
         <name>.debug_frame</name>
         <load_address>0x728</load_address>
         <run_address>0x728</run_address>
         <size>0x48</size>
         <input_file_ref idref="fl-27"/>
      </object_component>
      <object_component id="oc-3a">
         <name>.debug_frame</name>
         <load_address>0x770</load_address>
         <run_address>0x770</run_address>
         <size>0x39</size>
         <input_file_ref idref="fl-28"/>
      </object_component>
      <object_component id="oc-4a">
         <name>.debug_frame</name>
         <load_address>0x7a9</load_address>
         <run_address>0x7a9</run_address>
         <size>0x39</size>
         <input_file_ref idref="fl-29"/>
      </object_component>
      <object_component id="oc-16a">
         <name>.debug_frame</name>
         <load_address>0x7e2</load_address>
         <run_address>0x7e2</run_address>
         <size>0x39</size>
         <input_file_ref idref="fl-2b"/>
      </object_component>
      <object_component id="oc-107">
         <name>.debug_frame</name>
         <load_address>0x81b</load_address>
         <run_address>0x81b</run_address>
         <size>0x39</size>
         <input_file_ref idref="fl-36"/>
      </object_component>
      <object_component id="oc-141">
         <name>.debug_frame</name>
         <load_address>0x854</load_address>
         <run_address>0x854</run_address>
         <size>0x39</size>
         <input_file_ref idref="fl-38"/>
      </object_component>
      <object_component id="oc-148">
         <name>.debug_frame</name>
         <load_address>0x88d</load_address>
         <run_address>0x88d</run_address>
         <size>0x43</size>
         <input_file_ref idref="fl-3b"/>
[...]
         <name>CALDCO_16MHZ</name>
         <value>0x10f8</value>
      </symbol>
      <symbol id="sm-57">
         <name>CALBC1_16MHZ</name>
         <value>0x10f9</value>
      </symbol>
      <symbol id="sm-58">
         <name>CALDCO_12MHZ</name>
         <value>0x10fa</value>
      </symbol>
      <symbol id="sm-59">
         <name>CALBC1_12MHZ</name>
         <value>0x10fb</value>
      </symbol>
      <symbol id="sm-5a">
         <name>CALDCO_8MHZ</name>
         <value>0x10fc</value>
      </symbol>
      <symbol id="sm-5b">
         <name>CALBC1_8MHZ</name>
         <value>0x10fd</value>
      </symbol>
      <symbol id="sm-5c">
         <name>CALDCO_1MHZ</name>
         <value>0x10fe</value>
      </symbol>
      <symbol id="sm-5d">
         <name>CALBC1_1MHZ</name>
         <value>0x10ff</value>
      </symbol>
      <symbol id="sm-5e">
         <name>__TI_CINIT_Base</name>
         <value>0x87ce</value>
      </symbol>
      <symbol id="sm-5f">
         <name>__TI_CINIT_Limit</name>
         <value>0x87d6</value>
      </symbol>
      <symbol id="sm-60">
         <name>__TI_Handler_Table_Base</name>
         <value>0x87c4</value>
      </symbol>
      <symbol id="sm-61">
         <name>__TI_Handler_Table_Limit</name>
         <value>0x87ca</value>
      </symbol>
      <symbol id="sm-62">
         <name>__STACK_SIZE</name>
         <value>0x50</value>
      </symbol>
      <symbol id="sm-63">
         <name>__STACK_END</name>
         <value>0x600</value>
      </symbol>
      <symbol id="sm-64">
         <name>__c_args__</name>
         <value>0xffffffff</value>
      </symbol>
      <symbol id="sm-65">
         <name>__TI_pprof_out_hndl</name>
         <value>0xffffffff</value>
      </symbol>
      <symbol id="sm-66">
         <name>__TI_prof_data_start</name>
         <value>0xffffffff</value>
      </symbol>
      <symbol id="sm-67">
         <name>__TI_prof_data_size</name>
         <value>0xffffffff</value>
      </symbol>
      <symbol id="sm-ac">
         <name>configure_SPI</name>
         <value>0x828a</value>
         <object_component_ref idref="oc-233"/>
      </symbol>
      <symbol id="sm-ad">
         <name>SPI_Word</name>
         <value>0x82ce</value>
         <object_component_ref idref="oc-1c8"/>
      </symbol>
      <symbol id="sm-e1">
         <name>ADC_Select_And_Enable_Channel</name>
         <value>0x85e8</value>
         <object_component_ref idref="oc-2d5"/>
      </symbol>
      <symbol id="sm-e2">
         <name>__TI_int05</name>
         <value>0xffea</value>
         <object_component_ref idref="oc-40"/>
      </symbol>
      <symbol id="sm-e3">
         <name>ADC_Interrupt</name>
         <value>0x868a</value>
         <object_component_ref idref="oc-11e"/>
      </symbol>
      <symbol id="sm-e4">
         <name>configure_ADC</name>
         <value>0x874c</value>
         <object_component_ref idref="oc-239"/>
      </symbol>
      <symbol id="sm-e5">
         <name>ADC_Start</name>
         <value>0x86be</value>
         <object_component_ref idref="oc-2e1"/>
      </symbol>
      <symbol id="sm-e6">
         <name>ADC_Enable</name>
         <value>0x86ec</value>
         <object_component_ref idref="oc-2db"/>
      </symbol>
      <symbol id="sm-e7">
         <name>adc_data_pointer</name>
         <value>0x23e</value>
         <object_component_ref idref="oc-18c"/>
      </symbol>
      <symbol id="sm-10b">
         <name>spi_input_buffer</name>
         <value>0x242</value>
      </symbol>
      <symbol id="sm-10c">
         <name>spi_output_buffer</name>
         <value>0x256</value>
      </symbol>
      <symbol id="sm-10d">
         <name>SPI_TX_Interrupt</name>
         <value>0x85c2</value>
         <object_component_ref idref="oc-124"/>
      </symbol>
      <symbol id="sm-10e">
         <name>__TI_int06</name>
         <value>0xffec</value>
         <object_component_ref idref="oc-41"/>
      </symbol>
      <symbol id="sm-10f">
         <name>__TI_int07</name>
         <value>0xffee</value>
         <object_component_ref idref="oc-42"/>
      </symbol>
      <symbol id="sm-110">
         <name>spi_output_buffer_index</name>
         <value>0x241</value>
         <object_component_ref idref="oc-190"/>
      </symbol>
      <symbol id="sm-111">
         <name>SPI_RX_Interrupt</name>
         <value>0x860c</value>
         <object_component_ref idref="oc-12a"/>
      </symbol>
      <symbol id="sm-112">
         <name>spi_input_buffer_index</name>
         <value>0x240</value>
         <object_component_ref idref="oc-190"/>
      </symbol>
      <symbol id="sm-162">
         <name>temp</name>
         <value>0x26a</value>
      </symbol>
      <symbol id="sm-163">
         <name>__TI_int02</name>
         <value>0xffe4</value>
         <object_component_ref idref="oc-3e"/>
      </symbol>
      <symbol id="sm-164">
         <name>charge_timer</name>
         <value>0x20c</value>
         <object_component_ref idref="oc-27a"/>
      </symbol>
      <symbol id="sm-165">
         <name>main</name>
         <value>0x8436</value>
         <object_component_ref idref="oc-15d"/>
      </symbol>
      <symbol id="sm-166">
         <name>P1_Interrupt</name>
         <value>0x86d6</value>
         <object_component_ref idref="oc-113"/>
      </symbol>
      <symbol id="sm-167">
         <name>main_Charging</name>
         <value>0x80fe</value>
         <object_component_ref idref="oc-1dd"/>
      </symbol>
      <symbol id="sm-168">
         <name>system_status</name>
         <value>0x23d</value>
         <object_component_ref idref="oc-277"/>
      </symbol>
      <symbol id="sm-169">
         <name>system_Setup</name>
         <value>0x8000</value>
         <object_component_ref idref="oc-1c2"/>
      </symbol>
      <symbol id="sm-187">
         <name>get_Moisture_Value</name>
         <value>0x846e</value>
         <object_component_ref idref="oc-28b"/>
      </symbol>
      <symbol id="sm-188">
         <name>check_Moisture</name>
         <value>0x838c</value>
         <object_component_ref idref="oc-1e9"/>
      </symbol>
      <symbol id="sm-189">
         <name>moisture</name>
         <value>0x230</value>
         <object_component_ref idref="oc-288"/>
      </symbol>
      <symbol id="sm-1a0">
         <name>motor</name>
         <value>0x200</value>
         <object_component_ref idref="oc-24e"/>
      </symbol>
      <symbol id="sm-1a1">
         <name>run_Motor_Timed</name>
         <value>0x859a</value>
         <object_component_ref idref="oc-1d1"/>
      </symbol>
      <symbol id="sm-1a2">
         <name>check_Motor_State</name>
         <value>0x866c</value>
         <object_component_ref idref="oc-1d7"/>
      </symbol>
      <symbol id="sm-1da">
         <name>is_Timer_Expired</name>
         <value>0x83fe</value>
         <object_component_ref idref="oc-25e"/>
      </symbol>
      <symbol id="sm-1db">
         <name>__TI_int09</name>
         <value>0xfff2</value>
         <object_component_ref idref="oc-44"/>
      </symbol>
      <symbol id="sm-1dc">
         <name>tick_tock</name>
         <value>0x23c</value>
         <object_component_ref idref="oc-199"/>
      </symbol>
      <symbol id="sm-1dd">
         <name>system_time</name>
         <value>0x238</value>
         <object_component_ref idref="oc-199"/>
      </symbol>
      <symbol id="sm-1de">
         <name>configure_Main_Clock</name>
         <value>0x862e</value>
         <object_component_ref idref="oc-22d"/>
      </symbol>
      <symbol id="sm-1df">
         <name>set_Timer_Interval</name>
         <value>0x8776</value>
         <object_component_ref idref="oc-251"/>
      </symbol>
      <symbol id="sm-1e0">
         <name>Timer0_A0_Interrupt</name>
         <value>0x864e</value>
         <object_component_ref idref="oc-130"/>
      </symbol>
      <symbol id="sm-1e1">
         <name>start_Timer</name>
         <value>0x856e</value>
         <object_component_ref idref="oc-257"/>
      </symbol>
      <symbol id="sm-210">
         <name>set_Temperature_Threshold</name>
         <value>0x8510</value>
         <object_component_ref idref="oc-2a4"/>
      </symbol>
      <symbol id="sm-211">
         <name>calibrate_Temperature</name>
         <value>0x876c</value>
         <object_component_ref idref="oc-23f"/>
      </symbol>
      <symbol id="sm-212">
         <name>check_Temperature</name>
         <value>0x8310</value>
         <object_component_ref idref="oc-1e3"/>
      </symbol>
      <symbol id="sm-213">
         <name>temperature</name>
         <value>0x216</value>
         <object_component_ref idref="oc-27e"/>
      </symbol>
      <symbol id="sm-214">
         <name>get_Temperature_Value</name>
         <value>0x84a4</value>
         <object_component_ref idref="oc-281"/>
      </symbol>
      <symbol id="sm-248">
         <name>get_Battery_Voltage</name>
         <value>0x878e</value>
         <object_component_ref idref="oc-271"/>
      </symbol>
      <symbol id="sm-249">
         <name>check_Charger_Voltage</name>
         <value>0x8350</value>
         <object_component_ref idref="oc-265"/>
      </symbol>
      <symbol id="sm-24a">
         <name>battery_voltage</name>
         <value>0x220</value>
         <object_component_ref idref="oc-2c0"/>
      </symbol>
      <symbol id="sm-24b">
         <name>get_Voltage_Value</name>
         <value>0x84da</value>
         <object_component_ref idref="oc-2b9"/>
      </symbol>
      <symbol id="sm-24c">
         <name>charger_voltage</name>
         <value>0x228</value>
         <object_component_ref idref="oc-2b6"/>
      </symbol>
      <symbol id="sm-24d">
         <name>check_Battery_Voltage</name>
         <value>0x83c6</value>
         <object_component_ref idref="oc-26b"/>
      </symbol>
      <symbol id="sm-255">
         <name>_stack</name>
         <value>0x5b0</value>
         <object_component_ref idref="oc-e8"/>
      </symbol>
      <symbol id="sm-256">
         <name>_reset_vector</name>
         <value>0xfffe</value>
         <object_component_ref idref="oc-eb"/>
      </symbol>
      <symbol id="sm-260">
         <name>_c_int00_noargs_noexit</name>
         <value>0x86a4</value>
         <object_component_ref idref="oc-67"/>
      </symbol>
      <symbol id="sm-27e">
         <name>__TI_decompress_lzss</name>
         <value>0x8082</value>
         <object_component_ref idref="oc-32"/>
      </symbol>
      <symbol id="sm-294">
         <name>__TI_decompress_none</name>
         <value>0x8728</value>
         <object_component_ref idref="oc-38"/>
      </symbol>
      <symbol id="sm-2ac">
         <name>__TI_zero_init</name>
         <value>0x8700</value>
         <object_component_ref idref="oc-49"/>
      </symbol>
      <symbol id="sm-2b5">
         <name>__mspabi_func_epilog_2</name>
         <value>0x8766</value>
         <object_component_ref idref="oc-f6"/>
      </symbol>
      <symbol id="sm-2b6">
         <name>__mspabi_func_epilog_3</name>
         <value>0x8764</value>
         <object_component_ref idref="oc-f6"/>
      </symbol>
      <symbol id="sm-2b7">
         <name>__mspabi_func_epilog_1</name>
         <value>0x8768</value>
         <object_component_ref idref="oc-f6"/>
      </symbol>
      <symbol id="sm-2b8">
         <name>__mspabi_func_epilog_6</name>
         <value>0x875e</value>
         <object_component_ref idref="oc-f6"/>
      </symbol>
      <symbol id="sm-2b9">
         <name>__mspabi_func_epilog_7</name>
         <value>0x875c</value>
         <object_component_ref idref="oc-f6"/>
      </symbol>
      <symbol id="sm-2ba">
         <name>__mspabi_func_epilog_4</name>
         <value>0x8762</value>
         <object_component_ref idref="oc-f6"/>
      </symbol>
      <symbol id="sm-2bb">
         <name>__mspabi_func_epilog_5</name>
         <value>0x8760</value>
         <object_component_ref idref="oc-f6"/>
      </symbol>
      <symbol id="sm-2c5">
         <name>C$$EXIT</name>
         <value>0x8788</value>
         <object_component_ref idref="oc-165"/>
      </symbol>
      <symbol id="sm-2c6">
         <name>abort</name>
         <value>0x8788</value>
         <object_component_ref idref="oc-165"/>
      </symbol>
      <symbol id="sm-2ca">
         <name>__TI_int03</name>
         <value>0xffe6</value>
         <object_component_ref idref="oc-3f"/>
      </symbol>
      <symbol id="sm-2cd">
         <name>__TI_int08</name>
         <value>0xfff0</value>
         <object_component_ref idref="oc-43"/>
      </symbol>
      <symbol id="sm-2d0">
         <name>__TI_int10</name>
         <value>0xfff4</value>
         <object_component_ref idref="oc-45"/>
      </symbol>
      <symbol id="sm-2d3">
         <name>__TI_int12</name>
         <value>0xfff8</value>
         <object_component_ref idref="oc-46"/>
      </symbol>
      <symbol id="sm-2d6">
         <name>__TI_int13</name>
         <value>0xfffa</value>
         <object_component_ref idref="oc-47"/>
      </symbol>
      <symbol id="sm-2d9">
         <name>__TI_int14</name>
         <value>0xfffc</value>
         <object_component_ref idref="oc-48"/>
      </symbol>
      <symbol id="sm-2e1">
         <name>__TI_ISR_TRAP</name>
         <value>0x8780</value>
         <object_component_ref idref="oc-119"/>
      </symbol>
      <symbol id="sm-2e9">
         <name>__mspabi_slli</name>
         <value>0x8542</value>
         <object_component_ref idref="oc-ec"/>
      </symbol>
      <symbol id="sm-2ea">
         <name>__mspabi_slli_9</name>
         <value>0x855a</value>
         <object_component_ref idref="oc-ec"/>
      </symbol>
      <symbol id="sm-2eb">
         <name>__mspabi_slli_8</name>
         <value>0x855c</value>
         <object_component_ref idref="oc-ec"/>
      </symbol>
      <symbol id="sm-2ec">
         <name>__mspabi_slli_7</name>
         <value>0x855e</value>
         <object_component_ref idref="oc-ec"/>
      </symbol>
      <symbol id="sm-2ed">
         <name>__mspabi_slli_6</name>
         <value>0x8560</value>
         <object_component_ref idref="oc-ec"/>
      </symbol>
      <symbol id="sm-2ee">
         <name>__mspabi_slli_5</name>
         <value>0x8562</value>
         <object_component_ref idref="oc-ec"/>
      </symbol>
      <symbol id="sm-2ef">
         <name>__mspabi_slli_4</name>
         <value>0x8564</value>
         <object_component_ref idref="oc-ec"/>
      </symbol>
      <symbol id="sm-2f0">
         <name>__mspabi_slli_3</name>
         <value>0x8566</value>
         <object_component_ref idref="oc-ec"/>
      </symbol>
      <symbol id="sm-2f1">
         <name>__mspabi_slli_2</name>
         <value>0x8568</value>
         <object_component_ref idref="oc-ec"/>
      </symbol>
      <symbol id="sm-2f2">
         <name>__mspabi_slli_1</name>
         <value>0x856a</value>
         <object_component_ref idref="oc-ec"/>
      </symbol>
      <symbol id="sm-2f3">
         <name>__mspabi_slli_15</name>
         <value>0x854e</value>
         <object_component_ref idref="oc-ec"/>
      </symbol>
      <symbol id="sm-2f4">
         <name>__mspabi_slli_14</name>
         <value>0x8550</value>
         <object_component_ref idref="oc-ec"/>
      </symbol>
      <symbol id="sm-2f5">
         <name>__mspabi_slli_13</name>
         <value>0x8552</value>
         <object_component_ref idref="oc-ec"/>
      </symbol>
      <symbol id="sm-2f6">
         <name>__mspabi_slli_12</name>
         <value>0x8554</value>
         <object_component_ref idref="oc-ec"/>
      </symbol>
      <symbol id="sm-2f7">
         <name>__mspabi_slli_11</name>
         <value>0x8556</value>
         <object_component_ref idref="oc-ec"/>
      </symbol>
      <symbol id="sm-2f8">
         <name>__mspabi_slli_10</name>
         <value>0x8558</value>
         <object_component_ref idref="oc-ec"/>
      </symbol>
      <symbol id="sm-300">
         <name>__mspabi_srli_8</name>
         <value>0x8268</value>
         <object_component_ref idref="oc-f1"/>
      </symbol>
      <symbol id="sm-301">
         <name>__mspabi_srli_9</name>
         <value>0x8264</value>
         <object_component_ref idref="oc-f1"/>
      </symbol>
      <symbol id="sm-302">
         <name>__mspabi_srli_6</name>
         <value>0x8270</value>
         <object_component_ref idref="oc-f1"/>
      </symbol>
      <symbol id="sm-303">
         <name>__mspabi_srli_7</name>
         <value>0x826c</value>
         <object_component_ref idref="oc-f1"/>
      </symbol>
      <symbol id="sm-304">
         <name>__mspabi_srli_4</name>
         <value>0x8278</value>
         <object_component_ref idref="oc-f1"/>
      </symbol>
      <symbol id="sm-305">
         <name>__mspabi_srli_5</name>
         <value>0x8274</value>
         <object_component_ref idref="oc-f1"/>
      </symbol>
      <symbol id="sm-306">
         <name>__mspabi_srli_2</name>
         <value>0x8280</value>
         <object_component_ref idref="oc-f1"/>
      </symbol>
      <symbol id="sm-307">
         <name>__mspabi_srli_3</name>
         <value>0x827c</value>
         <object_component_ref idref="oc-f1"/>
      </symbol>
      <symbol id="sm-308">
         <name>__mspabi_srli_1</name>
         <value>0x8284</value>
         <object_component_ref idref="oc-f1"/>
      </symbol>
      <symbol id="sm-309">
         <name>__mspabi_srli</name>
         <value>0x823e</value>
         <object_component_ref idref="oc-f1"/>
      </symbol>
      <symbol id="sm-30a">
         <name>__mspabi_srli_15</name>
         <value>0x824c</value>
         <object_component_ref idref="oc-f1"/>
      </symbol>
      <symbol id="sm-30b">
         <name>__mspabi_srli_14</name>
         <value>0x8250</value>
         <object_component_ref idref="oc-f1"/>
      </symbol>
      <symbol id="sm-30c">
         <name>__mspabi_srli_13</name>
         <value>0x8254</value>
         <object_component_ref idref="oc-f1"/>
      </symbol>
      <symbol id="sm-30d">
         <name>__mspabi_srli_12</name>
         <value>0x8258</value>
         <object_component_ref idref="oc-f1"/>
      </symbol>
      <symbol id="sm-30e">
         <name>__mspabi_srli_11</name>
         <value>0x825c</value>
         <object_component_ref idref="oc-f1"/>
      </symbol>
      <symbol id="sm-30f">
         <name>__mspabi_srli_10</name>
         <value>0x8260</value>
         <object_component_ref idref="oc-f1"/>
      </symbol>
      <symbol id="sm-31d">
         <name>memcpy</name>
         <value>0x873a</value>
         <object_component_ref idref="oc-106"/>
      </symbol>
      <symbol id="sm-327">
         <name>_system_pre_init</name>
         <value>0x8794</value>
         <object_component_ref idref="oc-13d"/>
      </symbol>
      <symbol id="sm-345">
         <name>_auto_init</name>
         <value>0x8176</value>
         <object_component_ref idref="oc-143"/>
      </symbol>
      <symbol id="sm-35b">
         <name>copy_in</name>
         <value>0x81e4</value>
         <object_component_ref idref="oc-1a0"/>
      </symbol>
      <symbol id="sm-365">
         <name>__mspabi_mpyi_sw</name>
         <value>0x8714</value>
         <object_component_ref idref="oc-1fe"/>
      </symbol>
      <symbol id="sm-366">
         <name>__mspabi_mpyi</name>
         <value>0x8714</value>
         <object_component_ref idref="oc-1fe"/>
      </symbol>
      <symbol id="sm-36f">
         <name>_system_post_cinit</name>
         <value>0x8798</value>
         <object_component_ref idref="oc-1a6"/>
      </symbol>
      <symbol id="sm-372">
         <name>__TI_BINIT_Base</name>
         <value>0x0</value>
      </symbol>
      <symbol id="sm-373">
         <name>__TI_BINIT_Limit</name>
         <value>0x0</value>
      </symbol>
      <symbol id="sm-374">
         <name>__TI_INITARRAY_Base</name>
         <value>0x0</value>
      </symbol>
      <symbol id="sm-375">
         <name>__TI_INITARRAY_Limit</name>
         <value>0x0</value>
      </symbol>
   </symbol_table>
   <title>Link successful</title>
</link_info>
